2025/08/16 17:50:40 ----------------------------------------------------
2025/08/16 17:50:40 開始執行數據獲取與股票列表更新服務...
2025/08/16 17:50:40 資料庫連接成功！
2025/08/16 17:50:40 正在下載 NASDAQ 列表...
2025/08/16 17:50:40 正在下載其他交易所列表 (NYSE, AMEX)...
2025/08/16 17:50:40 成功獲取最新的股票主列表，共 11195 支股票。
2025/08/16 17:50:40 正在檢查並處理已下市的股票...
2025/08/16 17:50:41 處理完畢，共 0 支股票被標記為已下市。
2025/08/16 17:50:42 進度: 1/11195 (AZI 完成)
2025/08/16 17:50:42 進度: 2/11195 (AIBU 完成)
2025/08/16 17:50:42 進度: 3/11195 (CCSB 完成)
2025/08/16 17:50:42 進度: 4/11195 (NTZ 完成)
2025/08/16 17:50:42 進度: 5/11195 (CPSO 完成)
2025/08/16 17:50:43 進度: 6/11195 (ET 完成)
2025/08/16 17:50:43 進度: 7/11195 (MAYAU 完成)
2025/08/16 17:50:43 進度: 8/11195 (XXII 完成)
2025/08/16 17:50:43 進度: 9/11195 (CLMB 完成)
2025/08/16 17:50:43 進度: 10/11195 (DTSQR 完成)
2025/08/16 17:50:44 進度: 11/11195 (PHYD 完成)
2025/08/16 17:50:44 進度: 12/11195 (BULG 完成)
2025/08/16 17:50:44 進度: 13/11195 (COIN 完成)
2025/08/16 17:50:44 進度: 14/11195 (FDND 完成)
2025/08/16 17:50:44 進度: 15/11195 (VERS 完成)
2025/08/16 17:50:45 進度: 16/11195 (ERIE 完成)
2025/08/16 17:50:45 進度: 17/11195 (HOOW 完成)
2025/08/16 17:50:45 進度: 18/11195 (LQPE 完成)
2025/08/16 17:50:45 進度: 19/11195 (IPB 完成)
2025/08/16 17:50:45 進度: 20/11195 (NDIV 完成)
2025/08/16 17:50:46 進度: 21/11195 (NULV 完成)
2025/08/16 17:50:46 進度: 22/11195 (PBJ 完成)
2025/08/16 17:50:46 進度: 23/11195 (AMSF 完成)
2025/08/16 17:50:46 進度: 24/11195 (XLV 完成)
2025/08/16 17:50:46 進度: 25/11195 (TRT 完成)
2025/08/16 17:50:47 進度: 26/11195 (AIMDW 完成)
2025/08/16 17:50:47 進度: 27/11195 (NAMM 完成)
2025/08/16 17:50:47 進度: 28/11195 (QVCGP 完成)
2025/08/16 17:50:47 進度: 29/11195 (BX 完成)
2025/08/16 17:50:47 進度: 30/11195 (DSS 完成)
2025/08/16 17:50:48 進度: 31/11195 (PBJA 完成)
2025/08/16 17:50:48 進度: 32/11195 (BLIN 完成)
2025/08/16 17:50:48 進度: 33/11195 (KEAT 完成)
2025/08/16 17:50:48 進度: 34/11195 (RICK 完成)
2025/08/16 17:50:48 進度: 35/11195 (SPWH 完成)
2025/08/16 17:50:49 進度: 36/11195 (AVNS 完成)
2025/08/16 17:50:49 進度: 37/11195 (DUSA 完成)
2025/08/16 17:50:49 進度: 38/11195 (EALT 完成)
2025/08/16 17:50:49 進度: 39/11195 (NAC 完成)
2025/08/16 17:50:49 進度: 40/11195 (AGNC 完成)
2025/08/16 17:59:12 ----------------------------------------------------
2025/08/16 17:59:12 Starting data ingestion and stock list update service...
2025/08/16 17:59:12 Database connection successful!
2025/08/16 17:59:12 Downloading NASDAQ list...
2025/08/16 17:59:13 Downloading other exchanges list (NYSE, AMEX)...
2025/08/16 17:59:13 Successfully fetched master stock list with 11195 total symbols.
2025/08/16 17:59:13 Checking for and processing delisted stocks...
2025/08/16 17:59:13 Finished processing. Marked 0 stocks as delisted.
2025/08/16 17:59:13 All jobs processed!
2025/08/16 17:59:13 Data ingestion service finished.
2025/08/16 18:08:15 ----------------------------------------------------
2025/08/16 18:08:15 Starting data ingestion and stock list update service...
2025/08/16 18:08:15 Database connection successful!
2025/08/16 18:08:15 Downloading NASDAQ list...
2025/08/16 18:08:16 Downloading other exchanges list (NYSE, AMEX)...
2025/08/16 18:08:16 Successfully fetched master stock list with 11195 total symbols.
2025/08/16 18:08:16 Checking for and processing delisted stocks...
2025/08/16 18:08:16 Finished processing. Marked 0 stocks as delisted.
2025/08/16 18:08:16 Progress: 1/11195 (GRPZ complete)
2025/08/16 18:08:16 Progress: 2/11195 (XISE complete)
2025/08/16 18:08:17 Progress: 3/11195 (NSYS complete)
2025/08/16 18:08:17 Progress: 4/11195 (LTRN complete)
2025/08/16 18:08:17 Progress: 5/11195 (TRV complete)
2025/08/16 18:08:17 Progress: 6/11195 (CTEX complete)
2025/08/16 18:08:17 Progress: 7/11195 (NATR complete)
2025/08/16 18:08:17 Progress: 8/11195 (WDEF complete)
2025/08/16 18:08:17 Progress: 9/11195 (CURB complete)
2025/08/16 18:08:17 Progress: 10/11195 (GMOI complete)
2025/08/16 18:08:17 Progress: 11/11195 (PSIL complete)
2025/08/16 18:08:17 Progress: 12/11195 (LIAF complete)
2025/08/16 18:08:17 Progress: 13/11195 (PRI complete)
2025/08/16 18:08:17 Progress: 14/11195 (NRG complete)
2025/08/16 18:08:17 Progress: 15/11195 (COLL complete)
2025/08/16 18:08:18 Progress: 16/11195 (NXT complete)
2025/08/16 18:08:18 Progress: 17/11195 (THLV complete)
2025/08/16 18:08:18 Progress: 18/11195 (PGY complete)
2025/08/16 18:08:18 Progress: 19/11195 (RBOT complete)
2025/08/16 18:08:18 Progress: 20/11195 (BSL complete)
2025/08/16 18:08:18 Progress: 21/11195 (JDST complete)
2025/08/16 18:08:18 Progress: 22/11195 (KNG complete)
2025/08/16 18:08:18 Progress: 23/11195 (BTOC complete)
2025/08/16 18:08:18 Progress: 24/11195 (RMD complete)
2025/08/16 18:08:18 Progress: 25/11195 (SRLN complete)
2025/08/16 18:08:18 Progress: 26/11195 (SHLD complete)
2025/08/16 18:08:19 Progress: 27/11195 (GIFT complete)
2025/08/16 18:08:19 Progress: 28/11195 (CRE complete)
2025/08/16 18:08:19 Progress: 29/11195 (LIMI complete)
2025/08/16 18:08:19 Progress: 30/11195 (NVST complete)
2025/08/16 18:08:19 Progress: 31/11195 (DCO complete)
2025/08/16 18:08:19 Progress: 32/11195 (LSBPW complete)
2025/08/16 18:08:19 Progress: 33/11195 (IBLC complete)
2025/08/16 18:08:19 Progress: 34/11195 (SOC complete)
2025/08/16 18:08:19 Progress: 35/11195 (XPEL complete)
2025/08/16 18:08:19 Progress: 36/11195 (VGSH complete)
2025/08/16 18:08:20 Progress: 37/11195 (GAB complete)
2025/08/16 18:08:20 Progress: 38/11195 (GWW complete)
2025/08/16 18:08:20 Progress: 39/11195 (BLSH complete)
2025/08/16 18:08:20 Progress: 40/11195 (IWY complete)
2025/08/16 18:08:20 Progress: 41/11195 (DWSH complete)
2025/08/16 18:08:20 Progress: 42/11195 (BBDC complete)
2025/08/16 18:08:20 Progress: 43/11195 (BKN complete)
2025/08/16 18:08:20 Progress: 44/11195 (VNO complete)
2025/08/16 18:08:20 Progress: 45/11195 (KVACU complete)
2025/08/16 18:08:20 Progress: 46/11195 (EVGOW complete)
2025/08/16 18:08:20 Progress: 47/11195 (FALN complete)
2025/08/16 18:08:21 Progress: 48/11195 (CTNM complete)
2025/08/16 18:08:21 Progress: 49/11195 (VWAV complete)
2025/08/16 18:08:21 Progress: 50/11195 (MYCI complete)
2025/08/16 18:08:21 Progress: 51/11195 (HPI complete)
2025/08/16 18:08:21 Progress: 52/11195 (QCJL complete)
2025/08/16 18:08:21 Progress: 53/11195 (LVTX complete)
2025/08/16 18:08:21 Progress: 54/11195 (JHMU complete)
2025/08/16 18:08:21 Progress: 55/11195 (CAMX complete)
2025/08/16 18:08:21 Progress: 56/11195 (BTCI complete)
2025/08/16 18:08:21 Progress: 57/11195 (XXII complete)
2025/08/16 18:08:21 Progress: 58/11195 (DGCB complete)
2025/08/16 18:08:22 Progress: 59/11195 (ASMB complete)
2025/08/16 18:08:22 Progress: 60/11195 (EA complete)
2025/08/16 18:08:22 Progress: 61/11195 (DMAX complete)
2025/08/16 18:08:22 Progress: 62/11195 (METV complete)
2025/08/16 18:08:22 Progress: 63/11195 (CLF complete)
2025/08/16 18:08:22 Progress: 64/11195 (ETHV complete)
2025/08/16 18:08:22 Progress: 65/11195 (PMT complete)
2025/08/16 18:08:22 Progress: 66/11195 (DSTL complete)
2025/08/16 18:08:22 Progress: 67/11195 (XSW complete)
2025/08/16 18:08:23 Progress: 68/11195 (NAOV complete)
2025/08/16 18:08:23 Progress: 69/11195 (IOCT complete)
2025/08/16 18:08:23 Progress: 70/11195 (NCSM complete)
2025/08/16 18:08:23 Progress: 71/11195 (SSP complete)
2025/08/16 18:08:23 Progress: 72/11195 (UPV complete)
2025/08/16 18:08:23 Progress: 73/11195 (BUFH complete)
2025/08/16 18:08:23 Progress: 74/11195 (NXDR complete)
2025/08/16 18:08:23 Progress: 75/11195 (ISPY complete)
2025/08/16 18:08:23 Progress: 76/11195 (RSSB complete)
2025/08/16 18:08:23 Progress: 77/11195 (SSYS complete)
2025/08/16 18:08:23 Progress: 78/11195 (TARS complete)
2025/08/16 18:08:24 Progress: 79/11195 (GIGGU complete)
2025/08/16 18:08:24 Progress: 80/11195 (OGCP complete)
2025/08/16 18:08:24 Progress: 81/11195 (OLP complete)
2025/08/16 18:08:24 Progress: 82/11195 (CEVA complete)
2025/08/16 18:08:24 Progress: 83/11195 (JGLO complete)
2025/08/16 18:08:24 Progress: 84/11195 (XFOR complete)
2025/08/16 18:08:24 Progress: 85/11195 (FLCV complete)
2025/08/16 18:08:24 Progress: 86/11195 (DISO complete)
2025/08/16 18:08:24 Progress: 87/11195 (OMSE complete)
2025/08/16 18:08:24 Progress: 88/11195 (PBBK complete)
2025/08/16 18:08:24 Progress: 89/11195 (EDGU complete)
2025/08/16 18:08:24 Progress: 90/11195 (OASC complete)
2025/08/16 18:08:24 Progress: 91/11195 (APLT complete)
2025/08/16 18:08:24 Progress: 92/11195 (DSX complete)
2025/08/16 18:08:25 Progress: 93/11195 (ACI complete)
2025/08/16 18:08:25 Progress: 94/11195 (PAL complete)
2025/08/16 18:08:25 Progress: 95/11195 (PCEF complete)
2025/08/16 18:08:25 Progress: 96/11195 (CCCS complete)
2025/08/16 18:08:25 Progress: 97/11195 (PK complete)
2025/08/16 18:08:25 Progress: 98/11195 (IFRX complete)
2025/08/16 18:08:25 Progress: 99/11195 (ROLR complete)
2025/08/16 18:08:25 Progress: 100/11195 (ACCO complete)
2025/08/16 18:08:26 Progress: 101/11195 (DXST complete)
2025/08/16 18:08:26 Progress: 102/11195 (NHS complete)
2025/08/16 18:08:26 Progress: 103/11195 (KOKU complete)
2025/08/16 18:08:26 Progress: 104/11195 (ATAI complete)
2025/08/16 18:08:26 Progress: 105/11195 (AOMD complete)
2025/08/16 18:08:26 Progress: 106/11195 (PMMF complete)
2025/08/16 18:08:26 Progress: 107/11195 (SMLF complete)
2025/08/16 18:08:26 Progress: 108/11195 (QQA complete)
2025/08/16 18:08:26 Progress: 109/11195 (GTM complete)
2025/08/16 18:08:26 Progress: 110/11195 (EURKU complete)
2025/08/16 18:08:26 Progress: 111/11195 (PCLO complete)
2025/08/16 18:08:26 Progress: 112/11195 (ZFEB complete)
2025/08/16 18:08:27 Progress: 113/11195 (VVV complete)
2025/08/16 18:08:27 Progress: 114/11195 (UYSCR complete)
2025/08/16 18:08:27 Progress: 115/11195 (CEGX complete)
2025/08/16 18:08:27 Progress: 116/11195 (MTBA complete)
2025/08/16 18:08:27 Progress: 117/11195 (WWD complete)
2025/08/16 18:08:27 Progress: 118/11195 (MBNE complete)
2025/08/16 18:08:27 Progress: 119/11195 (GOODO complete)
2025/08/16 18:08:27 Progress: 120/11195 (MAGX complete)
2025/08/16 18:08:27 Progress: 121/11195 (NVX complete)
2025/08/16 18:08:27 Progress: 122/11195 (JBGS complete)
2025/08/16 18:08:27 Progress: 123/11195 (NEU complete)
2025/08/16 18:08:28 Progress: 124/11195 (SMR complete)
2025/08/16 18:08:28 Progress: 125/11195 (FMY complete)
2025/08/16 18:08:28 Progress: 126/11195 (AMRK complete)
2025/08/16 18:08:28 Progress: 127/11195 (HWKN complete)
2025/08/16 18:08:28 Progress: 128/11195 (JEMB complete)
2025/08/16 18:08:28 Progress: 129/11195 (IBIG complete)
2025/08/16 18:08:28 Progress: 130/11195 (LMNR complete)
2025/08/16 18:08:28 Progress: 131/11195 (VOD complete)
2025/08/16 18:08:28 Progress: 132/11195 (LQAI complete)
2025/08/16 18:08:28 Progress: 133/11195 (DECW complete)
2025/08/16 18:08:28 Progress: 134/11195 (ARLP complete)
2025/08/16 18:08:28 Progress: 135/11195 (TFC complete)
2025/08/16 18:08:29 Progress: 136/11195 (DAY complete)
2025/08/16 18:08:29 Progress: 137/11195 (INVA complete)
2025/08/16 18:08:29 Progress: 138/11195 (AVNV complete)
2025/08/16 18:08:29 Progress: 139/11195 (SKYY complete)
2025/08/16 18:08:29 Progress: 140/11195 (YRD complete)
2025/08/16 18:08:29 Progress: 141/11195 (RHRX complete)
2025/08/16 18:08:29 Progress: 142/11195 (CC complete)
2025/08/16 18:08:29 Progress: 143/11195 (CCI complete)
2025/08/16 18:08:29 Progress: 144/11195 (GLW complete)
2025/08/16 18:08:29 Progress: 145/11195 (MGRO complete)
2025/08/16 18:08:29 Progress: 146/11195 (GMM complete)
2025/08/16 18:08:30 Progress: 147/11195 (MMKT complete)
2025/08/16 18:08:30 Progress: 148/11195 (TM complete)
2025/08/16 18:08:30 Progress: 149/11195 (BSCT complete)
2025/08/16 18:08:30 Progress: 150/11195 (CIMN complete)
2025/08/16 18:08:30 Progress: 151/11195 (BLIN complete)
2025/08/16 18:08:30 Progress: 152/11195 (VOO complete)
2025/08/16 18:08:30 Progress: 153/11195 (FTAG complete)
2025/08/16 18:08:30 Progress: 154/11195 (PLX complete)
2025/08/16 18:08:30 Progress: 155/11195 (IGR complete)
2025/08/16 18:08:31 Progress: 156/11195 (POCI complete)
2025/08/16 18:08:31 Progress: 157/11195 (FKU complete)
2025/08/16 18:08:31 Progress: 158/11195 (WOW complete)
2025/08/16 18:08:31 Progress: 159/11195 (MARPS complete)
2025/08/16 18:08:31 Progress: 160/11195 (SATS complete)
2025/08/16 18:08:32 Progress: 161/11195 (XMAG complete)
2025/08/16 18:08:32 Progress: 162/11195 (YJ complete)
2025/08/16 18:08:32 Progress: 163/11195 (AWEG complete)
2025/08/16 18:08:32 Progress: 164/11195 (SETH complete)
2025/08/16 18:08:32 Progress: 165/11195 (CMS complete)
2025/08/16 18:08:33 Progress: 166/11195 (TTAM complete)
2025/08/16 18:08:33 Progress: 167/11195 (BOLD complete)
2025/08/16 18:08:33 Progress: 168/11195 (DTSQR complete)
2025/08/16 18:08:33 Progress: 169/11195 (RITR complete)
2025/08/16 18:08:33 Progress: 170/11195 (MGRB complete)
2025/08/16 18:08:34 Progress: 171/11195 (SPHR complete)
2025/08/16 18:08:34 Progress: 172/11195 (WTMF complete)
2025/08/16 18:08:34 Progress: 173/11195 (FGBIP complete)
2025/08/16 18:08:34 Progress: 174/11195 (IMAY complete)
2025/08/16 18:08:34 Progress: 175/11195 (BUFQ complete)
2025/08/16 18:08:35 Progress: 176/11195 (TGNA complete)
2025/08/16 18:08:35 Progress: 177/11195 (QULL complete)
2025/08/16 18:08:35 Progress: 178/11195 (FMBH complete)
2025/08/16 18:08:35 Progress: 179/11195 (LANDP complete)
2025/08/16 18:08:35 Progress: 180/11195 (FXB complete)
2025/08/16 18:08:36 Progress: 181/11195 (GIAX complete)
2025/08/16 18:08:36 Progress: 182/11195 (MLPA complete)
2025/08/16 18:08:36 Progress: 183/11195 (TRX complete)
2025/08/16 18:08:36 Progress: 184/11195 (ACNT complete)
2025/08/16 18:08:36 Progress: 185/11195 (FEIM complete)
2025/08/16 18:08:37 Progress: 186/11195 (BKD complete)
2025/08/16 18:08:37 Progress: 187/11195 (SLB complete)
2025/08/16 18:08:37 Progress: 188/11195 (YEAR complete)
2025/08/16 18:08:38 Progress: 189/11195 (CRH complete)
2025/08/16 18:08:38 Progress: 190/11195 (NIXT complete)
2025/08/16 18:08:38 Progress: 191/11195 (DHR complete)
2025/08/16 18:08:38 Progress: 192/11195 (NUE complete)
2025/08/16 18:08:38 Progress: 193/11195 (OEUR complete)
2025/08/16 18:08:39 Progress: 194/11195 (XNAV complete)
2025/08/16 18:08:39 Progress: 195/11195 (DVXC complete)
2025/08/16 18:08:39 Progress: 196/11195 (BBWI complete)
2025/08/16 18:08:39 Progress: 197/11195 (DBRG complete)
2025/08/16 18:08:39 Progress: 198/11195 (HQGO complete)
2025/08/16 18:08:40 Progress: 199/11195 (CASH complete)
2025/08/16 18:08:40 Progress: 200/11195 (SE complete)
2025/08/16 18:08:40 Progress: 201/11195 (GSIT complete)
2025/08/16 18:08:40 Progress: 202/11195 (BSTZ complete)
2025/08/16 18:08:40 Progress: 203/11195 (BTA complete)
2025/08/16 18:08:41 Progress: 204/11195 (CXW complete)
2025/08/16 18:08:41 Progress: 205/11195 (EFV complete)
2025/08/16 18:08:41 Progress: 206/11195 (FMS complete)
2025/08/16 18:08:41 Progress: 207/11195 (IXP complete)
2025/08/16 18:08:41 Progress: 208/11195 (REX complete)
2025/08/16 18:08:42 Progress: 209/11195 (RVT complete)
2025/08/16 18:08:42 Progress: 210/11195 (UCON complete)
2025/08/16 18:08:42 Progress: 211/11195 (XYLG complete)
2025/08/16 18:08:42 Progress: 212/11195 (AFCG complete)
2025/08/16 18:08:42 Progress: 213/11195 (QMMM complete)
2025/08/16 18:08:43 Progress: 214/11195 (RSVR complete)
2025/08/16 18:08:43 Progress: 215/11195 (FFTY complete)
2025/08/16 18:08:43 Progress: 216/11195 (INTL complete)
2025/08/16 18:08:43 Progress: 217/11195 (XBAP complete)
2025/08/16 18:08:43 Progress: 218/11195 (IJUN complete)
2025/08/16 18:08:44 Progress: 219/11195 (IVRS complete)
2025/08/16 18:08:44 Progress: 220/11195 (ISCF complete)
2025/08/16 18:08:44 Progress: 221/11195 (XLI complete)
2025/08/16 18:08:44 Progress: 222/11195 (R complete)
2025/08/16 18:08:44 Progress: 223/11195 (PSCH complete)
2025/08/16 18:08:45 Progress: 224/11195 (THAR complete)
2025/08/16 18:08:45 Progress: 225/11195 (YSPY complete)
2025/08/17 01:20:51 ----------------------------------------------------
2025/08/17 01:20:51 開始執行數據獲取與股票列表更新服務...
2025/08/17 01:20:51 資料庫連接成功！
2025/08/17 01:20:51 正在清空 stock_daily_data 資料表...
2025/08/17 01:20:51 stock_daily_data 資料表已清空。
2025/08/17 01:20:51 正在下載 NASDAQ 列表...
2025/08/17 01:20:52 正在下載其他交易所列表 (NYSE, AMEX)...
2025/08/17 01:20:52 成功獲取最新的股票主列表，共 11195 支股票。
2025/08/17 01:20:52 正在檢查並處理已下市的股票...
2025/08/17 01:20:52 處理完畢，共 0 支股票被標記為已下市。
2025/08/17 01:20:52 警告: 獲取 MGLD 的 Profile 失敗 (網路錯誤): []objects.StockCompanyProfile: objects.StockCompanyProfile.VolAvg: assertInteger: can not decode float as int, error found in #10 byte of ...|vg": 11302.8,
    "m|..., bigger context ...|ice": 0.78,
    "beta": 0.417,
    "volAvg": 11302.8,
    "mktCap": 33412704,
    "lastDiv": 0,
    |...
2025/08/17 01:20:52 進度: 1/11195 (MGLD 完成)
2025/08/17 01:20:52 進度: 2/11195 (RTACU 完成)
2025/08/17 01:20:54 進度: 3/11195 (OCTQ 完成)
2025/08/17 01:20:55 進度: 4/11195 (GTEK 完成)
2025/08/17 01:20:56 進度: 5/11195 (PDX 完成)
2025/08/17 01:20:57 進度: 6/11195 (DVOL 完成)
2025/08/17 01:20:57 警告: 獲取 INTM 的 Profile 失敗 (FMP API 無此股票數據)。
2025/08/17 01:20:57 進度: 7/11195 (INTM 完成)
2025/08/17 01:20:57 警告: 獲取 IVRA 的 Profile 失敗 (網路錯誤): []objects.StockCompanyProfile: objects.StockCompanyProfile.VolAvg: assertInteger: can not decode float as int, error found in #10 byte of ...|Avg": 6333.3,
    "m|..., bigger context ...|ice": 16.235,
    "beta": 1.12,
    "volAvg": 6333.3,
    "mktCap": 13646768,
    "lastDiv": 0.63879|...
2025/08/17 01:20:57 進度: 8/11195 (IVRA 完成)
2025/08/17 01:20:58 進度: 9/11195 (PEVC 完成)
2025/08/17 01:20:59 進度: 10/11195 (GYRE 完成)
2025/08/17 01:20:59 進度: 11/11195 (QQQU 完成)
2025/08/17 01:20:59 進度: 12/11195 (SHC 完成)
2025/08/17 01:20:59 警告: 獲取 TSMZ 的 Profile 失敗 (FMP API 無此股票數據)。
2025/08/17 01:20:59 進度: 13/11195 (TSMZ 完成)
2025/08/17 01:21:00 警告: 獲取 VSTL 的 Profile 失敗 (FMP API 無此股票數據)。
2025/08/17 01:21:00 進度: 14/11195 (VSTL 完成)
2025/08/17 01:21:00 進度: 15/11195 (XCNY 完成)
2025/08/17 01:21:02 進度: 16/11195 (STZ 完成)
2025/08/17 01:21:02 進度: 17/11195 (SPOK 完成)
2025/08/17 01:21:04 進度: 18/11195 (ACIO 完成)
2025/08/17 01:21:04 警告: 獲取 BTCI 的 Profile 失敗 (FMP API 無此股票數據)。
2025/08/17 01:21:04 進度: 19/11195 (BTCI 完成)
2025/08/17 01:21:04 警告: 獲取 CLCV 的 Profile 失敗 (FMP API 無此股票數據)。
2025/08/17 01:21:04 進度: 20/11195 (CLCV 完成)
2025/08/17 01:21:05 進度: 21/11195 (SCCG 完成)
2025/08/17 01:21:06 進度: 22/11195 (ING 完成)
2025/08/17 01:21:08 進度: 23/11195 (HIMS 完成)
2025/08/17 01:21:08 進度: 24/11195 (INCO 完成)
2025/08/17 01:21:10 進度: 25/11195 (PRT 完成)
2025/08/17 01:21:12 進度: 26/11195 (TME 完成)
2025/08/17 01:21:12 進度: 27/11195 (VT 完成)
2025/08/17 01:21:14 進度: 28/11195 (ATNF 完成)
2025/08/17 01:21:15 進度: 29/11195 (ALB 完成)
2025/08/17 01:21:16 進度: 30/11195 (IXC 完成)
2025/08/17 01:21:16 進度: 31/11195 (RSPE 完成)
2025/08/17 01:21:19 進度: 32/11195 (GNTA 完成)
2025/08/17 01:21:19 警告: 獲取 GOOW 的 Profile 失敗 (FMP API 無此股票數據)。
2025/08/17 01:21:19 進度: 33/11195 (GOOW 完成)
2025/08/17 01:21:19 進度: 34/11195 (ENVB 完成)
2025/08/17 01:21:20 進度: 35/11195 (CNMD 完成)
2025/08/17 01:21:22 進度: 36/11195 (HMY 完成)
2025/08/17 01:21:23 進度: 37/11195 (KRP 完成)
2025/08/17 01:21:23 進度: 38/11195 (PONY 完成)
2025/08/17 01:21:24 進度: 39/11195 (FBNC 完成)
2025/08/17 01:21:26 進度: 40/11195 (MRVI 完成)
2025/08/17 01:21:27 進度: 41/11195 (EDOW 完成)
2025/08/17 01:21:28 進度: 42/11195 (IPI 完成)
2025/08/17 01:21:28 警告: 獲取 TRIO 的 Profile 失敗 (FMP API 無此股票數據)。
2025/08/17 01:21:28 進度: 43/11195 (TRIO 完成)
2025/08/17 01:21:29 進度: 44/11195 (FTEL 完成)
2025/08/17 01:21:30 進度: 45/11195 (NFG 完成)
2025/08/17 01:21:31 進度: 46/11195 (SPDW 完成)
2025/08/17 01:21:33 進度: 47/11195 (MBBC 完成)
2025/08/17 01:21:33 進度: 48/11195 (LSTR 完成)
2025/08/17 01:21:35 進度: 49/11195 (PRCH 完成)
2025/08/17 01:21:35 警告: 獲取 AENTW 的 Profile 失敗 (網路錯誤): []objects.StockCompanyProfile: objects.StockCompanyProfile.VolAvg: assertInteger: can not decode float as int, error found in #10 byte of ...|vg": 35987.82407,
  |..., bigger context ...|ice": 0.25,
    "beta": 0.448,
    "volAvg": 35987.82407,
    "mktCap": 12739350,
    "lastDiv": 0,
|...
2025/08/17 01:21:35 進度: 50/11195 (AENTW 完成)
2025/08/17 01:21:35 進度: 51/11195 (DC 完成)
2025/08/17 01:21:37 進度: 52/11195 (PLG 完成)
2025/08/17 01:21:37 警告: 獲取 MBINL 的 Profile 失敗 (FMP API 無此股票數據)。
2025/08/17 01:21:37 進度: 53/11195 (MBINL 完成)
2025/08/17 01:21:39 進度: 54/11195 (BCBP 完成)
2025/08/17 01:21:39 進度: 55/11195 (DHC 完成)
2025/08/17 01:21:39 警告: 獲取 COYY 的 Profile 失敗 (FMP API 無此股票數據)。
2025/08/17 01:21:39 進度: 56/11195 (COYY 完成)
2025/08/17 01:21:41 進度: 57/11195 (DYNF 完成)
2025/08/17 01:21:42 進度: 58/11195 (USEP 完成)
2025/08/17 01:21:43 進度: 59/11195 (GILT 完成)
2025/08/17 01:21:43 進度: 60/11195 (IWTR 完成)
2025/08/17 01:21:44 進度: 61/11195 (MBAVU 完成)
2025/08/17 01:21:44 警告: 獲取 NRSNW 的 Profile 失敗 (網路錯誤): []objects.StockCompanyProfile: objects.StockCompanyProfile.VolAvg: assertInteger: can not decode float as int, error found in #10 byte of ...|Avg": 7611.2071,
   |..., bigger context ...|rice": 0.69,
    "beta": 1.622,
    "volAvg": 7611.2071,
    "mktCap": 16975660,
    "lastDiv": 0,
 |...
2025/08/17 01:21:44 進度: 62/11195 (NRSNW 完成)
2025/08/17 01:21:46 進度: 63/11195 (BIPC 完成)
2025/08/17 01:21:46 進度: 64/11195 (GBFH 完成)
2025/08/17 01:21:48 進度: 65/11195 (BGY 完成)
2025/08/17 01:21:48 進度: 66/11195 (ADGM 完成)
2025/08/17 01:21:50 進度: 67/11195 (BWSN 完成)
2025/08/17 01:21:50 進度: 68/11195 (EEV 完成)
2025/08/17 01:21:52 進度: 69/11195 (VKTX 完成)
2025/08/17 01:21:53 進度: 70/11195 (ACU 完成)
2025/08/17 01:21:54 進度: 71/11195 (BILL 完成)
2025/08/17 01:21:56 進度: 72/11195 (SHG 完成)
2025/08/17 01:21:56 警告: 獲取 PRENW 的 Profile 失敗 (網路錯誤): []objects.StockCompanyProfile: objects.StockCompanyProfile.VolAvg: assertInteger: can not decode float as int, error found in #10 byte of ...|vg": 51895.09137,
  |..., bigger context ...|e": 0.0271,
    "beta": 0.146,
    "volAvg": 51895.09137,
    "mktCap": 90372566,
    "lastDiv": 0,
|...
2025/08/17 01:21:56 進度: 73/11195 (PRENW 完成)
2025/08/17 01:21:56 進度: 74/11195 (QB 完成)
2025/08/17 01:21:57 進度: 75/11195 (WDS 完成)
2025/08/17 01:21:57 進度: 76/11195 (CLMT 完成)
2025/08/17 01:22:00 進度: 77/11195 (WNW 完成)
2025/08/17 01:22:01 進度: 78/11195 (ARR 完成)
2025/08/17 01:22:01 進度: 79/11195 (CSBR 完成)
2025/08/17 01:22:03 進度: 80/11195 (NAUT 完成)
2025/08/17 01:22:04 進度: 81/11195 (SIGIP 完成)
2025/08/17 01:22:05 進度: 82/11195 (LH 完成)
2025/08/17 01:22:05 進度: 83/11195 (IPODU 完成)
2025/08/17 01:22:07 進度: 84/11195 (NVDX 完成)
2025/08/17 01:22:07 進度: 85/11195 (OVB 完成)
2025/08/17 01:22:08 進度: 86/11195 (RITM 完成)
2025/08/17 01:22:08 警告: 獲取 CRED 的 Profile 失敗 (網路錯誤): []objects.StockCompanyProfile: objects.StockCompanyProfile.VolAvg: assertInteger: can not decode float as int, error found in #10 byte of ...|lAvg": 453.1,
    "m|..., bigger context ...|: 21.171,
    "beta": 0.9726159,
    "volAvg": 453.1,
    "mktCap": 3155770,
    "lastDiv": 1.01613,|...
2025/08/17 01:22:08 進度: 87/11195 (CRED 完成)
2025/08/17 01:22:09 進度: 88/11195 (INVX 完成)
2025/08/17 01:22:10 進度: 89/11195 (UNP 完成)
2025/08/17 01:22:11 進度: 90/11195 (ARKF 完成)
2025/08/17 01:22:11 進度: 91/11195 (SBDS 完成)
2025/08/17 01:22:12 進度: 92/11195 (MIDE 完成)
2025/08/17 01:22:13 進度: 93/11195 (QVMM 完成)
2025/08/17 01:22:14 進度: 94/11195 (GLADZ 完成)
2025/08/17 01:22:14 進度: 95/11195 (CMF 完成)
2025/08/17 01:22:16 進度: 96/11195 (IPX 完成)
2025/08/17 01:22:17 進度: 97/11195 (MNTK 完成)
2025/08/17 01:22:17 進度: 98/11195 (BENF 完成)
2025/08/17 01:22:18 進度: 99/11195 (GDXY 完成)
2025/08/17 01:22:20 進度: 100/11195 (CR 完成)
2025/08/17 01:22:20 進度: 101/11195 (BULL 完成)
2025/08/17 01:22:20 警告: 獲取 PMBS 的 Profile 失敗 (FMP API 無此股票數據)。
2025/08/17 01:22:20 進度: 102/11195 (PMBS 完成)
2025/08/17 01:22:21 進度: 103/11195 (JBK 完成)
2025/08/17 01:22:22 進度: 104/11195 (MPU 完成)
2025/08/17 01:22:23 進度: 105/11195 (HCMT 完成)
2025/08/17 01:22:23 進度: 106/11195 (QQQD 完成)
2025/08/17 01:22:24 進度: 107/11195 (CFR 完成)
2025/08/17 01:22:24 進度: 108/11195 (CA 完成)
2025/08/17 01:22:26 進度: 109/11195 (FIIG 完成)
2025/08/17 01:22:26 進度: 110/11195 (RRX 完成)
2025/08/17 01:22:27 進度: 111/11195 (TENB 完成)
2025/08/17 01:22:29 進度: 112/11195 (IHD 完成)
2025/08/17 01:22:30 進度: 113/11195 (FSBW 完成)
2025/08/17 01:22:31 進度: 114/11195 (PDFS 完成)
2025/08/17 01:22:33 進度: 115/11195 (GEMD 完成)
2025/08/17 01:22:33 進度: 116/11195 (D 完成)
2025/08/17 01:22:35 進度: 117/11195 (MATV 完成)
2025/08/17 01:22:35 進度: 118/11195 (QGRD 完成)
2025/08/17 01:22:36 進度: 119/11195 (DXIV 完成)
2025/08/17 01:22:36 警告: 獲取 PMJA 的 Profile 失敗 (FMP API 無此股票數據)。
2025/08/17 01:22:36 進度: 120/11195 (PMJA 完成)
2025/08/17 01:22:36 警告: 獲取 PMMY 的 Profile 失敗 (FMP API 無此股票數據)。
2025/08/17 01:22:36 進度: 121/11195 (PMMY 完成)
2025/08/17 01:22:36 進度: 122/11195 (ACHV 完成)
2025/08/17 01:22:37 進度: 123/11195 (AGRW 完成)
2025/08/17 01:22:37 進度: 124/11195 (AII 完成)
2025/08/17 01:22:37 進度: 125/11195 (ISTB 完成)
2025/08/17 01:22:39 進度: 126/11195 (DAWN 完成)
2025/08/17 01:22:40 進度: 127/11195 (KEP 完成)
2025/08/17 01:22:41 進度: 128/11195 (AXON 完成)
2025/08/17 01:22:43 進度: 129/11195 (BDVG 完成)
2025/08/17 01:22:43 進度: 130/11195 (NWS 完成)
2025/08/17 01:22:45 進度: 131/11195 (CETH 完成)
2025/08/17 01:22:47 進度: 132/11195 (SLNH 完成)
2025/08/17 01:22:50 進度: 133/11195 (GPN 完成)
2025/08/17 01:22:53 進度: 134/11195 (KNO 完成)
2025/08/17 01:22:53 進度: 135/11195 (RA 完成)
2025/08/17 01:22:57 進度: 136/11195 (EU 完成)
2025/08/17 01:22:57 警告: 獲取 XLKI 的 Profile 失敗 (FMP API 無此股票數據)。
2025/08/17 01:22:57 進度: 137/11195 (XLKI 完成)
2025/08/17 01:22:59 進度: 138/11195 (PIZ 完成)
2025/08/17 01:23:00 進度: 139/11195 (WTFC 完成)
2025/08/17 01:23:00 警告: 獲取 RFAIR 的 Profile 失敗 (網路錯誤): []objects.StockCompanyProfile: objects.StockCompanyProfile.VolAvg: assertInteger: can not decode float as int, error found in #10 byte of ...|vg": 21468.45455,
  |..., bigger context ...|0.0628,
    "beta": 0.3454186,
    "volAvg": 21468.45455,
    "mktCap": 942785,
    "lastDiv": 0,
  |...
2025/08/17 01:23:00 進度: 140/11195 (RFAIR 完成)
2025/08/17 01:23:03 進度: 141/11195 (ADAG 完成)
2025/08/17 01:23:06 進度: 142/11195 (AMAL 完成)
2025/08/17 01:23:07 進度: 143/11195 (AGI 完成)
2025/08/17 01:23:09 進度: 144/11195 (BHV 完成)
2025/08/17 01:23:13 進度: 145/11195 (ASMB 完成)
2025/08/17 01:23:13 進度: 146/11195 (DMLP 完成)
2025/08/17 01:23:15 進度: 147/11195 (SNCY 完成)
2025/08/17 01:23:19 進度: 148/11195 (VGIT 完成)
2025/08/17 01:23:20 進度: 149/11195 (CHIQ 完成)
2025/08/17 01:23:22 進度: 150/11195 (DSU 完成)
2025/08/17 01:23:26 進度: 151/11195 (HLIO 完成)
2025/08/17 01:23:26 進度: 152/11195 (INTR 完成)
2025/08/17 01:23:27 進度: 153/11195 (LAC 完成)
2025/08/17 01:23:31 進度: 154/11195 (SOPA 完成)
2025/08/17 01:23:31 進度: 155/11195 (STSS 完成)
2025/08/17 01:23:32 進度: 156/11195 (BFJL 完成)
2025/08/17 01:23:33 進度: 157/11195 (PDBC 完成)
2025/08/17 01:23:38 進度: 158/11195 (GJO 完成)
2025/08/17 01:23:39 進度: 159/11195 (IPAC 完成)
2025/08/17 01:23:40 進度: 160/11195 (LRN 完成)
2025/08/17 01:23:42 進度: 161/11195 (IBIJ 完成)
2025/08/17 01:23:42 進度: 162/11195 (AGIH 完成)
2025/08/17 01:23:43 進度: 163/11195 (BNGE 完成)
2025/08/17 01:23:45 進度: 164/11195 (NBCR 完成)
2025/08/17 01:23:48 進度: 165/11195 (MGC 完成)
2025/08/17 01:23:49 進度: 166/11195 (MMI 完成)
2025/08/17 01:23:51 進度: 167/11195 (NRO 完成)
2025/08/17 01:23:51 進度: 168/11195 (RSHO 完成)
2025/08/17 01:23:52 進度: 169/11195 (PATN 完成)
2025/08/17 01:23:55 進度: 170/11195 (GOODN 完成)
2025/08/17 01:23:58 進度: 171/11195 (BOE 完成)
2025/08/17 01:23:59 進度: 172/11195 (CDE 完成)
2025/08/17 01:24:00 進度: 173/11195 (EVSB 完成)
2025/08/17 01:24:02 進度: 174/11195 (EGP 完成)
2025/08/17 01:24:02 警告: 獲取 QPUX 的 Profile 失敗 (FMP API 無此股票數據)。
2025/08/17 01:24:02 進度: 175/11195 (QPUX 完成)
2025/08/17 01:24:03 進度: 176/11195 (SRFM 完成)
2025/08/17 01:24:06 進度: 177/11195 (MCO 完成)
2025/08/17 01:24:07 進度: 178/11195 (CRBG 完成)
2025/08/17 01:24:08 進度: 179/11195 (SKYT 完成)
2025/08/17 01:24:28 ----------------------------------------------------
2025/08/17 01:24:28 開始執行數據獲取與股票列表更新服務...
2025/08/17 01:24:28 資料庫連接成功！
2025/08/17 01:24:28 正在清空 stock_daily_data 資料表...
2025/08/17 01:24:28 stock_daily_data 資料表已清空。
2025/08/17 01:24:28 正在下載 NASDAQ 列表...
2025/08/17 01:24:29 正在下載其他交易所列表 (NYSE, AMEX)...
2025/08/17 01:24:29 成功獲取最新的股票主列表，共 11195 支股票。
2025/08/17 01:24:29 正在檢查並處理已下市的股票...
2025/08/17 01:24:29 處理完畢，共 0 支股票被標記為已下市。
2025/08/17 01:24:30 進度: 1/11195 (BOBP 完成)
2025/08/17 01:24:34 進度: 2/11195 (BSCW 完成)
2025/08/17 01:24:35 進度: 3/11195 (PSCJ 完成)
2025/08/17 01:24:37 進度: 4/11195 (YMAB 完成)
2025/08/17 01:24:37 警告: 獲取 ZJUL 的 Profile 失敗 (FMP API 無此股票數據)。
2025/08/17 01:24:37 進度: 5/11195 (ZJUL 完成)
2025/08/17 01:24:37 進度: 6/11195 (BAH 完成)
2025/08/17 01:24:37 進度: 7/11195 (CMBM 完成)
2025/08/17 01:24:37 進度: 8/11195 (GTE 完成)
2025/08/17 01:24:38 進度: 9/11195 (GMMA 完成)
2025/08/17 01:24:40 進度: 10/11195 (RITA 完成)
2025/08/17 01:24:41 進度: 11/11195 (IWR 完成)
2025/08/17 01:24:43 進度: 12/11195 (LINK 完成)
2025/08/17 01:24:43 進度: 13/11195 (PSCE 完成)
2025/08/17 01:24:44 進度: 14/11195 (MCO 完成)
2025/08/17 01:24:45 進度: 15/11195 (PLTR 完成)
2025/08/17 01:24:47 進度: 16/11195 (SSSS 完成)
2025/08/17 01:24:47 進度: 17/11195 (VONE 完成)
2025/08/17 01:24:49 進度: 18/11195 (H 完成)
2025/08/17 01:24:50 進度: 19/11195 (BTAI 完成)
2025/08/17 01:24:50 警告: 獲取 ADVWW 的 Profile 失敗 (網路錯誤): []objects.StockCompanyProfile: objects.StockCompanyProfile.VolAvg: assertInteger: can not decode float as int, error found in #10 byte of ...|vg": 40822.81019,
  |..., bigger context ...|e": 0.0124,
    "beta": 2.119,
    "volAvg": 40822.81019,
    "mktCap": 4041743,
    "lastDiv": 0,
 |...
2025/08/17 01:24:50 進度: 20/11195 (ADVWW 完成)
2025/08/17 01:24:50 進度: 21/11195 (HCAT 完成)
2025/08/17 01:24:50 警告: 獲取 SWP 的 Profile 失敗 (FMP API 無此股票數據)。
2025/08/17 01:24:50 進度: 22/11195 (SWP 完成)
2025/08/17 01:24:51 進度: 23/11195 (MYI 完成)
2025/08/17 01:24:53 進度: 24/11195 (OKE 完成)
2025/08/17 01:24:53 進度: 25/11195 (SMB 完成)
2025/08/17 01:24:55 進度: 26/11195 (LINE 完成)
2025/08/17 01:24:55 進度: 27/11195 (MYMH 完成)
2025/08/17 01:24:55 警告: 獲取 JHCP 的 Profile 失敗 (FMP API 無此股票數據)。
2025/08/17 01:24:55 進度: 28/11195 (JHCP 完成)
2025/08/17 01:24:55 進度: 29/11195 (IHS 完成)
2025/08/17 01:24:56 進度: 30/11195 (TWLO 完成)
2025/08/17 01:24:56 進度: 31/11195 (HYMC 完成)
2025/08/17 01:24:57 進度: 32/11195 (TM 完成)
2025/08/17 01:25:01 進度: 33/11195 (CBAN 完成)
2025/08/17 01:25:01 進度: 34/11195 (TTC 完成)
2025/08/17 01:25:02 進度: 35/11195 (LYEL 完成)
2025/08/17 01:25:02 進度: 36/11195 (EDIT 完成)
2025/08/17 01:25:03 進度: 37/11195 (PNC 完成)
2025/08/17 01:25:03 進度: 38/11195 (PFSA 完成)
2025/08/17 01:25:04 進度: 39/11195 (DGCB 完成)
2025/08/17 01:25:04 進度: 40/11195 (PWZ 完成)
2025/08/17 01:25:07 進度: 41/11195 (TPHE 完成)
2025/08/17 01:25:07 警告: 獲取 NCPLW 的 Profile 失敗 (網路錯誤): []objects.StockCompanyProfile: objects.StockCompanyProfile.VolAvg: assertInteger: can not decode float as int, error found in #10 byte of ...|vg": 10050.85827,
  |..., bigger context ...|ce": 0.029,
    "beta": 0.751,
    "volAvg": 10050.85827,
    "mktCap": 10494258,
    "lastDiv": 0,
|...
2025/08/17 01:25:07 進度: 42/11195 (NCPLW 完成)
2025/08/17 01:25:08 進度: 43/11195 (SHAG 完成)
2025/08/17 01:25:09 進度: 44/11195 (CRIS 完成)
2025/08/17 01:25:09 警告: 獲取 HIYS 的 Profile 失敗 (網路錯誤): []objects.StockCompanyProfile: objects.StockCompanyProfile.VolAvg: assertInteger: can not decode float as int, error found in #10 byte of ...|Avg": 1839.1,
    "m|..., bigger context ...|: 25.62,
    "beta": 0.3027428,
    "volAvg": 1839.1,
    "mktCap": 7894316,
    "lastDiv": 1.6792,
|...
2025/08/17 01:25:09 進度: 45/11195 (HIYS 完成)
2025/08/17 01:25:10 進度: 46/11195 (BA 完成)
2025/08/17 01:25:11 進度: 47/11195 (SMXT 完成)
2025/08/17 01:25:11 進度: 48/11195 (SMR 完成)
2025/08/17 01:25:11 進度: 49/11195 (ACTG 完成)
2025/08/17 01:25:13 進度: 50/11195 (NODK 完成)
2025/08/17 01:25:13 進度: 51/11195 (UZE 完成)
2025/08/17 01:25:14 進度: 52/11195 (FSBW 完成)
2025/08/17 01:25:15 進度: 53/11195 (ESP 完成)
2025/08/17 01:25:15 進度: 54/11195 (ANPA 完成)
2025/08/17 01:25:15 警告: 獲取 ASPSZ 的 Profile 失敗 (FMP API 無此股票數據)。
2025/08/17 01:25:15 進度: 55/11195 (ASPSZ 完成)
2025/08/17 01:25:15 進度: 56/11195 (MOTO 完成)
2025/08/17 01:25:15 進度: 57/11195 (ARRY 完成)
2025/08/17 01:25:16 進度: 58/11195 (BSVO 完成)
2025/08/17 01:25:17 進度: 59/11195 (FONR 完成)
2025/08/17 01:25:17 進度: 60/11195 (ISCF 完成)
2025/08/17 01:25:18 進度: 61/11195 (LTTI 完成)
2025/08/17 01:25:18 進度: 62/11195 (NOVT 完成)
2025/08/17 01:25:19 進度: 63/11195 (BLX 完成)
2025/08/17 01:25:19 進度: 64/11195 (AGNCO 完成)
2025/08/17 01:25:20 進度: 65/11195 (CGCB 完成)
2025/08/17 01:25:20 警告: 獲取 CXAIW 的 Profile 失敗 (網路錯誤): []objects.StockCompanyProfile: objects.StockCompanyProfile.VolAvg: assertInteger: can not decode float as int, error found in #10 byte of ...|vg": 55557.44444,
  |..., bigger context ...|0.1036,
    "beta": 2.5610707,
    "volAvg": 55557.44444,
    "mktCap": 24114443,
    "lastDiv": 0,
|...
2025/08/17 01:25:20 進度: 66/11195 (CXAIW 完成)
2025/08/17 01:25:20 進度: 67/11195 (FLN 完成)
2025/08/17 01:25:20 進度: 68/11195 (NMIH 完成)
2025/08/17 01:25:21 進度: 69/11195 (ARAY 完成)
2025/08/17 01:25:22 進度: 70/11195 (WTBN 完成)
2025/08/17 01:25:22 進度: 71/11195 (PGNY 完成)
2025/08/17 01:25:23 進度: 72/11195 (TBLU 完成)
2025/08/17 01:25:24 進度: 73/11195 (SEPT 完成)
2025/08/17 01:25:24 進度: 74/11195 (NYMT 完成)
2025/08/17 01:25:24 進度: 75/11195 (REAX 完成)
2025/08/17 01:25:24 進度: 76/11195 (GAINI 完成)
2025/08/17 01:25:25 進度: 77/11195 (NUDV 完成)
2025/08/17 01:25:25 進度: 78/11195 (MHLA 完成)
2025/08/17 01:25:25 警告: 獲取 XMAY 的 Profile 失敗 (FMP API 無此股票數據)。
2025/08/17 01:25:25 進度: 79/11195 (XMAY 完成)
2025/08/17 01:25:26 進度: 80/11195 (ASTH 完成)
2025/08/17 01:25:27 進度: 81/11195 (PBDC 完成)
2025/08/17 01:25:27 警告: 獲取 NOEMW 的 Profile 失敗 (網路錯誤): []objects.StockCompanyProfile: objects.StockCompanyProfile.VolAvg: assertInteger: can not decode float as int, error found in #10 byte of ...|vg": 16010.2069,
   |..., bigger context ...|.1745,
    "beta": -1.2665799,
    "volAvg": 16010.2069,
    "mktCap": 1672713,
    "lastDiv": 0,
  |...
2025/08/17 01:25:27 進度: 82/11195 (NOEMW 完成)
2025/08/17 01:25:27 警告: 獲取 SVIIR 的 Profile 失敗 (網路錯誤): []objects.StockCompanyProfile: objects.StockCompanyProfile.VolAvg: assertInteger: can not decode float as int, error found in #10 byte of ...|g": 116811.06667,
  |..., bigger context ...|: 0.3267,
    "beta": -0.042,
    "volAvg": 116811.06667,
    "mktCap": 3227827,
    "lastDiv": 0,
 |...
2025/08/17 01:25:27 進度: 83/11195 (SVIIR 完成)
2025/08/17 01:25:27 警告: 獲取 SVIIW 的 Profile 失敗 (網路錯誤): []objects.StockCompanyProfile: objects.StockCompanyProfile.VolAvg: assertInteger: can not decode float as int, error found in #10 byte of ...|vg": 56076.90341,
  |..., bigger context ...|ce": 0.37,
    "beta": -0.042,
    "volAvg": 56076.90341,
    "mktCap": 3655635,
    "lastDiv": 0,
 |...
2025/08/17 01:25:27 進度: 84/11195 (SVIIW 完成)
2025/08/17 01:25:27 警告: 獲取 RCTR 的 Profile 失敗 (FMP API 無此股票數據)。
2025/08/17 01:25:27 進度: 85/11195 (RCTR 完成)
2025/08/17 01:25:28 進度: 86/11195 (MNKD 完成)
2025/08/17 01:25:28 進度: 87/11195 (EPC 完成)
2025/08/17 01:25:28 進度: 88/11195 (MO 完成)
2025/08/17 01:25:29 進度: 89/11195 (MBB 完成)
2025/08/17 01:25:30 進度: 90/11195 (MFH 完成)
2025/08/17 01:25:31 進度: 91/11195 (TD 完成)
2025/08/17 01:25:31 警告: 獲取 SAUG 的 Profile 失敗 (FMP API 無此股票數據)。
2025/08/17 01:25:31 進度: 92/11195 (SAUG 完成)
2025/08/17 01:25:32 進度: 93/11195 (CLNE 完成)
2025/08/17 01:25:32 進度: 94/11195 (TALK 完成)
2025/08/17 01:25:32 進度: 95/11195 (IQI 完成)
2025/08/17 01:25:33 進度: 96/11195 (JNK 完成)
2025/08/17 01:25:33 進度: 97/11195 (GUTS 完成)
2025/08/17 01:25:34 進度: 98/11195 (LW 完成)
2025/08/17 01:25:35 進度: 99/11195 (UUP 完成)
2025/08/17 01:25:36 進度: 100/11195 (HTLD 完成)
2025/08/17 01:25:36 進度: 101/11195 (CIB 完成)
2025/08/17 01:25:36 進度: 102/11195 (ECCW 完成)
2025/08/17 01:25:37 進度: 103/11195 (CPK 完成)
2025/08/17 01:25:38 進度: 104/11195 (NANR 完成)
2025/08/17 01:25:38 進度: 105/11195 (RAAA 完成)
2025/08/17 01:25:39 進度: 106/11195 (USEA 完成)
2025/08/17 01:25:39 進度: 107/11195 (PEO 完成)
2025/08/17 01:25:39 進度: 108/11195 (GLBS 完成)
2025/08/17 01:25:40 進度: 109/11195 (MARA 完成)
2025/08/17 01:25:41 進度: 110/11195 (NC 完成)
2025/08/17 01:25:42 進度: 111/11195 (TDOC 完成)
2025/08/17 01:25:42 進度: 112/11195 (ITDB 完成)
2025/08/17 01:25:43 進度: 113/11195 (MCHX 完成)
2025/08/17 01:25:43 進度: 114/11195 (BGH 完成)
2025/08/17 01:25:43 進度: 115/11195 (CCL 完成)
2025/08/17 01:25:43 進度: 116/11195 (IQM 完成)
2025/08/17 01:25:44 進度: 117/11195 (SPIN 完成)
2025/08/17 01:25:45 進度: 118/11195 (CDRO 完成)
2025/08/17 01:25:46 進度: 119/11195 (ITOS 完成)
2025/08/17 01:25:46 進度: 120/11195 (SPYV 完成)
2025/08/17 01:25:47 進度: 121/11195 (HEPS 完成)
2025/08/17 01:25:47 警告: 獲取 KKRT 的 Profile 失敗 (FMP API 無此股票數據)。
2025/08/17 01:25:47 進度: 122/11195 (KKRT 完成)
2025/08/17 01:25:47 進度: 123/11195 (TMF 完成)
2025/08/17 01:25:47 進度: 124/11195 (BATRK 完成)
2025/08/17 01:25:47 警告: 獲取 IBACR 的 Profile 失敗 (網路錯誤): []objects.StockCompanyProfile: objects.StockCompanyProfile.VolAvg: assertInteger: can not decode float as int, error found in #10 byte of ...|Avg": 7573.44444,
  |..., bigger context ...|ce": 0.0699,
    "beta": -1.61,
    "volAvg": 7573.44444,
    "mktCap": 1095892,
    "lastDiv": 0,
 |...
2025/08/17 01:25:47 進度: 125/11195 (IBACR 完成)
2025/08/17 01:25:48 進度: 126/11195 (DUHP 完成)
2025/08/17 01:25:49 進度: 127/11195 (BJUL 完成)
2025/08/17 01:25:50 進度: 128/11195 (FINV 完成)
2025/08/17 01:25:50 進度: 129/11195 (OPPE 完成)
2025/08/17 01:25:51 進度: 130/11195 (OAEM 完成)
2025/08/17 01:25:51 進度: 131/11195 (RFG 完成)
2025/08/17 01:25:51 警告: 獲取 NVBU 的 Profile 失敗 (FMP API 無此股票數據)。
2025/08/17 01:25:51 進度: 132/11195 (NVBU 完成)
2025/08/17 01:25:51 進度: 133/11195 (QGRD 完成)
2025/08/17 01:25:51 進度: 134/11195 (GNT 完成)
2025/08/17 01:25:52 進度: 135/11195 (CHAT 完成)
2025/08/17 01:25:52 警告: 獲取 LCOW 的 Profile 失敗 (FMP API 無此股票數據)。
2025/08/17 01:25:52 進度: 136/11195 (LCOW 完成)
2025/08/17 01:25:53 進度: 137/11195 (RGA 完成)
2025/08/17 01:25:54 進度: 138/11195 (KNOP 完成)
2025/08/17 01:25:54 進度: 139/11195 (MBWM 完成)
2025/08/17 01:25:54 進度: 140/11195 (ALK 完成)
2025/08/17 01:25:55 進度: 141/11195 (FJUN 完成)
2025/08/17 01:25:55 進度: 142/11195 (ZBH 完成)
2025/08/17 01:25:56 進度: 143/11195 (RDVY 完成)
2025/08/17 01:25:58 進度: 144/11195 (THW 完成)
2025/08/17 01:25:58 進度: 145/11195 (TTGT 完成)
2025/08/17 01:25:58 進度: 146/11195 (PBW 完成)
2025/08/17 01:25:58 進度: 147/11195 (NJAN 完成)
2025/08/17 01:25:58 警告: 獲取 TJUN 的 Profile 失敗 (FMP API 無此股票數據)。
2025/08/17 01:25:58 進度: 148/11195 (TJUN 完成)
2025/08/17 01:25:58 進度: 149/11195 (AVIV 完成)
2025/08/17 01:26:00 進度: 150/11195 (IBID 完成)
2025/08/17 01:26:00 進度: 151/11195 (COHR 完成)
2025/08/17 01:26:00 進度: 152/11195 (BACCU 完成)
2025/08/17 01:26:01 進度: 153/11195 (FMNY 完成)
2025/08/17 01:26:01 進度: 154/11195 (XYZY 完成)
2025/08/17 01:26:02 進度: 155/11195 (NEWP 完成)
2025/08/17 01:26:02 進度: 156/11195 (REET 完成)
2025/08/17 01:28:35 ----------------------------------------------------
2025/08/17 01:28:35 開始執行數據獲取與股票列表更新服務...
2025/08/17 01:28:35 資料庫連接成功！
2025/08/17 01:28:35 正在清空 stock_daily_data 資料表...
2025/08/17 01:28:35 stock_daily_data 資料表已清空。
2025/08/17 01:28:35 正在下載 NASDAQ 列表...
2025/08/17 01:28:35 正在下載其他交易所列表 (NYSE, AMEX)...
2025/08/17 01:28:35 成功獲取最新的股票主列表，共 11195 支股票。
2025/08/17 01:28:35 正在檢查並處理已下市的股票...
2025/08/17 01:28:35 處理完畢，共 0 支股票被標記為已下市。
2025/08/17 01:28:36 警告: 獲取 CNCKW 的 Profile 失敗 (FMP API 無此股票數據)。
2025/08/17 01:28:36 進度: 1/11195 (CNCKW 完成)
2025/08/17 01:28:36 進度: 2/11195 (CPNM 完成)
2025/08/17 01:28:37 進度: 3/11195 (WDTE 完成)
2025/08/17 01:28:38 進度: 4/11195 (DFGR 完成)
2025/08/17 01:28:38 警告: 獲取 XLEI 的 Profile 失敗 (FMP API 無此股票數據)。
2025/08/17 01:28:38 進度: 5/11195 (XLEI 完成)
2025/08/17 01:28:39 進度: 6/11195 (MYCL 完成)
2025/08/17 01:28:39 進度: 7/11195 (DSMC 完成)
2025/08/17 01:28:39 進度: 8/11195 (VIOT 完成)
2025/08/17 01:28:39 進度: 9/11195 (QVCGP 完成)
2025/08/17 01:28:39 進度: 10/11195 (TSM 完成)
2025/08/17 01:28:39 進度: 11/11195 (USMC 完成)
2025/08/17 01:28:42 進度: 12/11195 (NUDV 完成)
2025/08/17 01:28:43 進度: 13/11195 (TANH 完成)
2025/08/17 01:28:43 進度: 14/11195 (NUAG 完成)
2025/08/17 01:28:43 進度: 15/11195 (EOS 完成)
2025/08/17 01:28:43 進度: 16/11195 (FXH 完成)
2025/08/17 01:28:43 警告: 獲取 MTEKW 的 Profile 失敗 (網路錯誤): []objects.StockCompanyProfile: objects.StockCompanyProfile.VolAvg: assertInteger: can not decode float as int, error found in #10 byte of ...|vg": 20117.26087,
  |..., bigger context ...|e": 0.2201,
    "beta": 0.784,
    "volAvg": 20117.26087,
    "mktCap": 1757183,
    "lastDiv": 0,
 |...
2025/08/17 01:28:43 進度: 17/11195 (MTEKW 完成)
2025/08/17 01:28:43 進度: 18/11195 (BKIE 完成)
2025/08/17 01:28:46 進度: 19/11195 (TOPS 完成)
2025/08/17 01:32:09 ----------------------------------------------------
2025/08/17 01:32:09 開始執行數據獲取與股票列表更新服務...
2025/08/17 01:32:09 資料庫連接成功！
2025/08/17 01:32:09 正在下載 NASDAQ 列表...
2025/08/17 01:32:09 正在下載其他交易所列表 (NYSE, AMEX)...
2025/08/17 01:32:09 成功獲取最新的股票主列表，共 11195 支股票。
2025/08/17 01:32:09 正在檢查並處理已下市的股票...
2025/08/17 01:32:09 處理完畢，共 0 支股票被標記為已下市。
2025/08/17 01:32:10 警告: 獲取 OUSTZ 的 Profile 失敗 (網路錯誤): []objects.StockCompanyProfile: objects.StockCompanyProfile.VolAvg: assertInteger: can not decode float as int, error found in #10 byte of ...|vg": 59482.54088,
  |..., bigger context ...|e": 0.0865,
    "beta": 2.742,
    "volAvg": 59482.54088,
    "mktCap": 1848160439,
    "lastDiv": 0|...
2025/08/17 01:32:10 進度: 1/11195 (OUSTZ 完成)
2025/08/17 01:32:14 進度: 2/11195 (WINC 完成)
2025/08/17 01:32:14 警告: 獲取 VGMS 的 Profile 失敗 (FMP API 無此股票數據)。
2025/08/17 01:32:14 進度: 3/11195 (VGMS 完成)
2025/08/17 01:32:14 進度: 4/11195 (PSCH 完成)
2025/08/17 01:32:14 進度: 5/11195 (SCHX 完成)
2025/08/17 01:32:14 進度: 6/11195 (VDE 完成)
2025/08/17 01:32:14 進度: 7/11195 (HYD 完成)
2025/08/17 01:32:14 進度: 8/11195 (IGOV 完成)
2025/08/17 01:32:15 進度: 9/11195 (BAMU 完成)
2025/08/17 01:32:17 進度: 10/11195 (SOPA 完成)
2025/08/17 01:32:17 進度: 11/11195 (ESTA 完成)
2025/08/17 01:32:17 進度: 12/11195 (LSTR 完成)
2025/08/17 01:32:17 進度: 13/11195 (MNDO 完成)
2025/08/17 01:32:17 進度: 14/11195 (ECVT 完成)
2025/08/17 01:32:18 進度: 15/11195 (BEEZ 完成)
2025/08/17 01:32:18 警告: 獲取 NRGD 的 Profile 失敗 (網路錯誤): []objects.StockCompanyProfile: objects.StockCompanyProfile.VolAvg: assertInteger: can not decode float as int, error found in #10 byte of ...|Avg": 3201.3,
    "m|..., bigger context ...|19.235,
    "beta": -1.5544839,
    "volAvg": 3201.3,
    "mktCap": 9174403,
    "lastDiv": 0,
    "|...
2025/08/17 01:32:18 進度: 16/11195 (NRGD 完成)
2025/08/17 01:32:18 進度: 17/11195 (YHNA 完成)
2025/08/17 01:32:19 進度: 18/11195 (EVTL 完成)
2025/08/17 01:32:20 進度: 19/11195 (ATMV 完成)
2025/08/17 01:32:21 進度: 20/11195 (CRML 完成)
2025/08/17 01:32:21 進度: 21/11195 (JACK 完成)
2025/08/17 01:32:21 進度: 22/11195 (IAK 完成)
2025/08/17 01:32:21 進度: 23/11195 (NJAN 完成)
2025/08/17 01:32:22 進度: 24/11195 (SLB 完成)
2025/08/17 01:32:22 進度: 25/11195 (AVNW 完成)
2025/08/17 01:32:23 進度: 26/11195 (FEBO 完成)
2025/08/17 01:32:24 進度: 27/11195 (RMCO 完成)
2025/08/17 01:32:25 進度: 28/11195 (LCNB 完成)
2025/08/17 01:32:25 警告: 獲取 DMAX 的 Profile 失敗 (FMP API 無此股票數據)。
2025/08/17 01:32:25 進度: 29/11195 (DMAX 完成)
2025/08/17 01:32:25 進度: 30/11195 (RNST 完成)
2025/08/17 01:32:25 進度: 31/11195 (IDOG 完成)
2025/08/17 01:32:26 進度: 32/11195 (OPRA 完成)
2025/08/17 01:32:26 警告: 獲取 PBMWW 的 Profile 失敗 (網路錯誤): []objects.StockCompanyProfile: objects.StockCompanyProfile.VolAvg: assertInteger: can not decode float as int, error found in #10 byte of ...|vg": 97303.77447,
  |..., bigger context ...|e": 0.0248,
    "beta": 0.219,
    "volAvg": 97303.77447,
    "mktCap": 1767,
    "lastDiv": 0,
    |...
2025/08/17 01:32:26 進度: 33/11195 (PBMWW 完成)
2025/08/17 01:32:26 進度: 34/11195 (LCAP 完成)
2025/08/17 01:32:27 進度: 35/11195 (TATT 完成)
2025/08/17 01:32:29 進度: 36/11195 (COTY 完成)
2025/08/17 01:32:29 進度: 37/11195 (DNOV 完成)
2025/08/17 01:32:29 進度: 38/11195 (WLY 完成)
2025/08/17 01:32:30 進度: 39/11195 (BRZU 完成)
2025/08/17 01:32:30 警告: 獲取 FIRS 的 Profile 失敗 (FMP API 無此股票數據)。
2025/08/17 01:32:30 進度: 40/11195 (FIRS 完成)
2025/08/17 01:32:30 進度: 41/11195 (SXC 完成)
2025/08/17 01:32:30 警告: 獲取 FEAT 的 Profile 失敗 (FMP API 無此股票數據)。
2025/08/17 01:32:30 進度: 42/11195 (FEAT 完成)
2025/08/17 01:32:31 進度: 43/11195 (VFH 完成)
2025/08/17 01:32:32 進度: 44/11195 (WU 完成)
2025/08/17 01:32:33 進度: 45/11195 (SRFM 完成)
2025/08/17 01:32:33 進度: 46/11195 (KTOS 完成)
2025/08/17 01:32:33 進度: 47/11195 (ARCX 完成)
2025/08/17 01:32:33 進度: 48/11195 (CORP 完成)
2025/08/17 01:32:34 進度: 49/11195 (OCFS 完成)
2025/08/17 01:32:34 進度: 50/11195 (PVI 完成)
2025/08/17 01:32:34 進度: 51/11195 (AFGB 完成)
2025/08/17 01:32:34 進度: 52/11195 (MTBA 完成)
2025/08/17 01:32:36 進度: 53/11195 (ALGS 完成)
2025/08/17 01:32:37 進度: 54/11195 (ASLE 完成)
2025/08/17 01:32:38 進度: 55/11195 (MTNB 完成)
2025/08/17 01:32:38 進度: 56/11195 (ULCC 完成)
2025/08/17 01:32:38 警告: 獲取 GXPC 的 Profile 失敗 (FMP API 無此股票數據)。
2025/08/17 01:32:38 進度: 57/11195 (GXPC 完成)
2025/08/17 01:32:38 進度: 58/11195 (JOYY 完成)
2025/08/17 01:32:38 進度: 59/11195 (VIAV 完成)
2025/08/17 01:32:39 進度: 60/11195 (LQPE 完成)
2025/08/17 01:32:39 進度: 61/11195 (MNRS 完成)
2025/08/17 01:32:39 進度: 62/11195 (AVNM 完成)
2025/08/17 01:32:40 進度: 63/11195 (MENS 完成)
2025/08/17 01:32:40 警告: 獲取 SEPM 的 Profile 失敗 (FMP API 無此股票數據)。
2025/08/17 01:32:40 進度: 64/11195 (SEPM 完成)
2025/08/17 01:32:40 進度: 65/11195 (EBMT 完成)
2025/08/17 01:32:40 進度: 66/11195 (TXN 完成)
2025/08/17 01:32:40 進度: 67/11195 (ATMC 完成)
2025/08/17 01:32:41 進度: 68/11195 (SDHIU 完成)
2025/08/17 01:32:41 進度: 69/11195 (HWM 完成)
2025/08/17 01:32:42 進度: 70/11195 (RFDA 完成)
2025/08/17 01:32:43 進度: 71/11195 (TEAD 完成)
2025/08/17 01:32:43 進度: 72/11195 (FTXH 完成)
2025/08/17 01:32:44 進度: 73/11195 (PBPB 完成)
2025/08/17 01:32:44 進度: 74/11195 (RAIL 完成)
2025/08/17 01:32:44 進度: 75/11195 (GENT 完成)
2025/08/17 01:32:45 進度: 76/11195 (KBWY 完成)
2025/08/17 01:32:45 進度: 77/11195 (SIXZ 完成)
2025/08/17 01:32:45 警告: 獲取 CPSL 的 Profile 失敗 (FMP API 無此股票數據)。
2025/08/17 01:32:45 進度: 78/11195 (CPSL 完成)
2025/08/17 01:32:45 進度: 79/11195 (BEAGU 完成)
2025/08/17 01:32:45 進度: 80/11195 (PPCB 完成)
2025/08/17 01:32:46 進度: 81/11195 (EDN 完成)
2025/08/17 01:32:47 進度: 82/11195 (BITO 完成)
2025/08/17 01:32:48 進度: 83/11195 (AVT 完成)
2025/08/17 01:32:48 進度: 84/11195 (CRAK 完成)
2025/08/17 01:32:49 進度: 85/11195 (OBK 完成)
2025/08/17 01:32:49 進度: 86/11195 (AVDL 完成)
2025/08/17 01:32:49 進度: 87/11195 (AMZE 完成)
2025/08/17 01:32:49 進度: 88/11195 (USNG 完成)
2025/08/17 01:32:50 進度: 89/11195 (AVGB 完成)
2025/08/17 01:32:50 進度: 90/11195 (CENN 完成)
2025/08/17 01:32:50 進度: 91/11195 (FTRK 完成)
2025/08/17 01:32:50 警告: 獲取 RDZNW 的 Profile 失敗 (FMP API 無此股票數據)。
2025/08/17 01:32:50 進度: 92/11195 (RDZNW 完成)
2025/08/17 01:32:51 進度: 93/11195 (HEPS 完成)
2025/08/17 01:32:52 進度: 94/11195 (PESI 完成)
2025/08/17 01:32:52 進度: 95/11195 (PSCF 完成)
2025/08/17 01:32:53 進度: 96/11195 (COMB 完成)
2025/08/17 01:32:53 進度: 97/11195 (OACC 完成)
2025/08/17 01:32:53 進度: 98/11195 (FITBO 完成)
2025/08/17 01:32:54 進度: 99/11195 (BCIL 完成)
2025/08/17 01:32:54 進度: 100/11195 (MBCC 完成)
2025/08/17 01:32:54 進度: 101/11195 (AVNT 完成)
2025/08/17 01:32:55 進度: 102/11195 (WDTE 完成)
2025/08/17 01:32:55 進度: 103/11195 (MOAT 完成)
2025/08/17 01:32:56 進度: 104/11195 (RWAYZ 完成)
2025/08/17 01:32:56 進度: 105/11195 (VT 完成)
2025/08/17 01:32:57 進度: 106/11195 (STI 完成)
2025/08/17 01:32:57 進度: 107/11195 (IMRX 完成)
2025/08/17 01:32:57 進度: 108/11195 (ADBG 完成)
2025/08/17 01:32:57 警告: 獲取 DFLIW 的 Profile 失敗 (網路錯誤): []objects.StockCompanyProfile: objects.StockCompanyProfile.VolAvg: assertInteger: can not decode float as int, error found in #10 byte of ...|vg": 92358.74882,
  |..., bigger context ...|.0323,
    "beta": -2.9500384,
    "volAvg": 92358.74882,
    "mktCap": 29576874,
    "lastDiv": 0,
|...
2025/08/17 01:32:57 進度: 109/11195 (DFLIW 完成)
2025/08/17 01:32:57 進度: 110/11195 (BLTD 完成)
2025/08/17 01:32:58 進度: 111/11195 (CGVV 完成)
2025/08/17 01:32:58 進度: 112/11195 (CPNM 完成)
2025/08/17 01:32:58 進度: 113/11195 (EMDM 完成)
2025/08/17 01:32:59 進度: 114/11195 (VRME 完成)
2025/08/17 01:32:59 進度: 115/11195 (CPK 完成)
2025/08/17 01:32:59 進度: 116/11195 (GLOV 完成)
2025/08/17 01:33:00 進度: 117/11195 (ELF 完成)
2025/08/17 01:33:01 進度: 118/11195 (HROWM 完成)
2025/08/17 01:33:01 進度: 119/11195 (ISRLU 完成)
2025/08/17 01:33:01 進度: 120/11195 (LCCC 完成)
2025/08/17 01:33:02 進度: 121/11195 (ELA 完成)
2025/08/17 01:33:02 警告: 獲取 CBXA 的 Profile 失敗 (FMP API 無此股票數據)。
2025/08/17 01:33:02 進度: 122/11195 (CBXA 完成)
2025/08/17 01:33:02 進度: 123/11195 (RDTY 完成)
2025/08/17 01:33:02 進度: 124/11195 (HAUS 完成)
2025/08/17 01:33:03 進度: 125/11195 (IBMQ 完成)
2025/08/17 01:33:03 進度: 126/11195 (ECOR 完成)
2025/08/17 01:33:05 進度: 127/11195 (NAII 完成)
2025/08/17 01:33:06 進度: 128/11195 (WPC 完成)
2025/08/17 01:33:06 進度: 129/11195 (DALI 完成)
2025/08/17 01:33:06 進度: 130/11195 (ACLS 完成)
2025/08/17 01:33:06 進度: 131/11195 (RILYZ 完成)
2025/08/17 01:33:06 進度: 132/11195 (STRZ 完成)
2025/08/17 01:33:07 進度: 133/11195 (SPNS 完成)
2025/08/17 01:33:07 警告: 獲取 METW 的 Profile 失敗 (FMP API 無此股票數據)。
2025/08/17 01:33:07 進度: 134/11195 (METW 完成)
2025/08/17 01:33:08 進度: 135/11195 (NBCE 完成)
2025/08/17 01:33:08 警告: 獲取 SMBS 的 Profile 失敗 (FMP API 無此股票數據)。
2025/08/17 01:33:08 進度: 136/11195 (SMBS 完成)
2025/08/17 01:33:09 進度: 137/11195 (BSTZ 完成)
2025/08/17 01:33:09 進度: 138/11195 (FDX 完成)
2025/08/17 01:33:09 進度: 139/11195 (IFN 完成)
2025/08/17 01:33:10 進度: 140/11195 (IHY 完成)
2025/08/17 01:33:10 進度: 141/11195 (XHLD 完成)
2025/08/17 01:33:10 進度: 142/11195 (LEA 完成)
2025/08/17 01:33:10 進度: 143/11195 (NVA 完成)
2025/08/17 01:33:12 進度: 144/11195 (FSBC 完成)
2025/08/17 01:33:12 進度: 145/11195 (FGEN 完成)
2025/08/17 01:33:13 進度: 146/11195 (XB 完成)
2025/08/17 01:33:13 進度: 147/11195 (ALSN 完成)
2025/08/17 01:33:14 進度: 148/11195 (EPRF 完成)
2025/08/17 01:33:14 警告: 獲取 PSDM 的 Profile 失敗 (FMP API 無此股票數據)。
2025/08/17 01:33:14 進度: 149/11195 (PSDM 完成)
2025/08/17 01:33:14 警告: 獲取 SOXY 的 Profile 失敗 (FMP API 無此股票數據)。
2025/08/17 01:33:14 進度: 150/11195 (SOXY 完成)
2025/08/17 01:33:14 進度: 151/11195 (BNGO 完成)
2025/08/17 01:33:15 進度: 152/11195 (DECO 完成)
2025/08/17 01:33:16 進度: 153/11195 (TH 完成)
2025/08/17 01:33:16 進度: 154/11195 (DLX 完成)
2025/08/17 01:33:16 警告: 獲取 SDSTW 的 Profile 失敗 (網路錯誤): []objects.StockCompanyProfile: objects.StockCompanyProfile.VolAvg: assertInteger: can not decode float as int, error found in #10 byte of ...|vg": 22983.97209,
  |..., bigger context ...|.0749,
    "beta": 0.23674428,
    "volAvg": 22983.97209,
    "mktCap": 31037096,
    "lastDiv": 0,
|...
2025/08/17 01:33:16 進度: 155/11195 (SDSTW 完成)
2025/08/17 01:33:16 進度: 156/11195 (IWV 完成)
2025/08/17 01:33:17 進度: 157/11195 (IBOT 完成)
2025/08/17 01:33:17 進度: 158/11195 (MSB 完成)
2025/08/17 01:33:17 進度: 159/11195 (TD 完成)
2025/08/17 01:33:20 進度: 160/11195 (SRDX 完成)
2025/08/17 01:33:20 進度: 161/11195 (KFFB 完成)
2025/08/17 01:33:20 進度: 162/11195 (BNDC 完成)
2025/08/17 01:33:20 進度: 163/11195 (MBBC 完成)
2025/08/17 01:33:21 進度: 164/11195 (NMAX 完成)
2025/08/17 01:33:21 進度: 165/11195 (DBX 完成)
2025/08/17 01:33:21 進度: 166/11195 (TARS 完成)
2025/08/17 01:33:22 進度: 167/11195 (QETH 完成)
2025/08/17 01:33:23 進度: 168/11195 (HKIT 完成)
2025/08/17 01:33:24 進度: 169/11195 (EUDG 完成)
2025/08/17 01:33:24 進度: 170/11195 (FAF 完成)
2025/08/17 01:33:24 進度: 171/11195 (DRLL 完成)
2025/08/17 01:33:24 進度: 172/11195 (FXR 完成)
2025/08/17 01:33:24 警告: 獲取 UKOMW 的 Profile 失敗 (網路錯誤): []objects.StockCompanyProfile: objects.StockCompanyProfile.VolAvg: assertInteger: can not decode float as int, error found in #10 byte of ...|vg": 12977.81609,
  |..., bigger context ...|e": 0.0085,
    "beta": 0.647,
    "volAvg": 12977.81609,
    "mktCap": 2269049,
    "lastDiv": 0,
 |...
2025/08/17 01:33:24 進度: 173/11195 (UKOMW 完成)
2025/08/17 01:33:24 進度: 174/11195 (MRNY 完成)
2025/08/17 01:33:25 進度: 175/11195 (GSAT 完成)
2025/08/17 01:33:26 進度: 176/11195 (MVPL 完成)
2025/08/17 01:33:28 進度: 177/11195 (PSQ 完成)
2025/08/17 01:33:28 進度: 178/11195 (NXPI 完成)
2025/08/17 01:33:28 進度: 179/11195 (DOYU 完成)
2025/08/17 01:33:28 進度: 180/11195 (MMD 完成)
2025/08/17 01:33:28 進度: 181/11195 (YOUL 完成)
2025/08/17 01:33:28 進度: 182/11195 (GNSS 完成)
2025/08/17 01:33:29 進度: 183/11195 (HOOD 完成)
2025/08/17 01:33:30 進度: 184/11195 (CCG 完成)
2025/08/17 01:33:30 警告: 獲取 RTRE 的 Profile 失敗 (FMP API 無此股票數據)。
2025/08/17 01:33:30 進度: 185/11195 (RTRE 完成)
2025/08/17 01:33:30 進度: 186/11195 (ANPA 完成)
2025/08/17 01:33:31 進度: 187/11195 (UBND 完成)
2025/08/17 01:33:31 進度: 188/11195 (MDEV 完成)
2025/08/17 01:33:31 進度: 189/11195 (REPL 完成)
2025/08/17 01:33:31 進度: 190/11195 (XYZG 完成)
2025/08/17 01:33:31 進度: 191/11195 (POLE 完成)
2025/08/17 01:33:32 進度: 192/11195 (FYT 完成)
2025/08/17 01:33:33 進度: 193/11195 (GENI 完成)
2025/08/17 01:33:33 進度: 194/11195 (CGSM 完成)
2025/08/17 01:33:34 進度: 195/11195 (GREE 完成)
2025/08/17 01:33:35 進度: 196/11195 (AIZN 完成)
2025/08/17 01:33:35 進度: 197/11195 (ASX 完成)
2025/08/17 01:33:36 進度: 198/11195 (IEF 完成)
2025/08/17 01:33:37 進度: 199/11195 (CVY 完成)
2025/08/17 01:33:37 進度: 200/11195 (FLHY 完成)
2025/08/17 01:33:37 進度: 201/11195 (NUDV 完成)
2025/08/17 01:33:39 進度: 202/11195 (NXJ 完成)
2025/08/17 01:33:39 進度: 203/11195 (BRID 完成)
2025/08/17 01:33:40 進度: 204/11195 (ESPO 完成)
2025/08/17 01:33:40 進度: 205/11195 (COPX 完成)
2025/08/17 01:33:41 進度: 206/11195 (SLNZ 完成)
2025/08/17 01:33:41 進度: 207/11195 (DRV 完成)
2025/08/17 01:33:41 進度: 208/11195 (GSY 完成)
2025/08/17 01:33:41 進度: 209/11195 (NYMTG 完成)
2025/08/17 01:33:41 進度: 210/11195 (HOND 完成)
2025/08/17 01:33:41 進度: 211/11195 (TSMU 完成)
2025/08/17 01:33:42 進度: 212/11195 (AMDL 完成)
2025/08/17 01:33:42 進度: 213/11195 (CGIC 完成)
2025/08/17 01:33:43 進度: 214/11195 (AUGW 完成)
2025/08/17 01:33:43 進度: 215/11195 (HL 完成)
2025/08/17 01:33:43 警告: 獲取 RNIN 的 Profile 失敗 (FMP API 無此股票數據)。
2025/08/17 01:33:43 進度: 216/11195 (RNIN 完成)
2025/08/17 01:33:43 進度: 217/11195 (PLMKU 完成)
2025/08/17 01:33:43 進度: 218/11195 (PRA 完成)
2025/08/17 01:33:43 警告: 獲取 USARW 的 Profile 失敗 (網路錯誤): []objects.StockCompanyProfile: objects.StockCompanyProfile.VolAvg: assertInteger: can not decode float as int, error found in #10 byte of ...|g": 423210.52336,
  |..., bigger context ...|ce": 6.23,
    "beta": 0.691,
    "volAvg": 423210.52336,
    "mktCap": 607006344,
    "lastDiv": 0,|...
2025/08/17 01:33:43 進度: 219/11195 (USARW 完成)
2025/08/17 01:33:45 進度: 220/11195 (CATX 完成)
2025/08/17 01:33:46 進度: 221/11195 (EWU 完成)
2025/08/17 01:33:46 進度: 222/11195 (FITE 完成)
2025/08/17 01:33:46 警告: 獲取 HONDW 的 Profile 失敗 (FMP API 無此股票數據)。
2025/08/17 01:33:46 進度: 223/11195 (HONDW 完成)
2025/08/17 01:33:47 進度: 224/11195 (ACVA 完成)
2025/08/17 01:33:47 進度: 225/11195 (STKS 完成)
2025/08/17 01:33:47 進度: 226/11195 (XOMAP 完成)
2025/08/17 01:33:47 進度: 227/11195 (YSPY 完成)
2025/08/17 01:33:48 進度: 228/11195 (WISE 完成)
2025/08/17 01:33:49 進度: 229/11195 (ANVS 完成)
2025/08/17 01:33:50 進度: 230/11195 (FTSD 完成)
2025/08/17 01:33:50 進度: 231/11195 (SPT 完成)
2025/08/17 01:33:50 進度: 232/11195 (IPM 完成)
2025/08/17 01:33:50 進度: 233/11195 (NOWL 完成)
2025/08/17 01:33:51 進度: 234/11195 (SYNA 完成)
2025/08/17 01:33:51 進度: 235/11195 (FNDC 完成)
2025/08/17 01:33:52 進度: 236/11195 (LVS 完成)
2025/08/17 01:33:53 進度: 237/11195 (NKE 完成)
2025/08/17 01:33:53 進度: 238/11195 (SIXJ 完成)
2025/08/17 01:33:54 進度: 239/11195 (RVP 完成)
2025/08/17 01:33:54 進度: 240/11195 (SBH 完成)
2025/08/17 01:33:54 進度: 241/11195 (AGGA 完成)
2025/08/17 01:33:55 進度: 242/11195 (SMWB 完成)
2025/08/17 01:33:56 進度: 243/11195 (TRV 完成)
2025/08/17 01:33:57 進度: 244/11195 (TRI 完成)
2025/08/17 01:33:57 警告: 獲取 MFAO 的 Profile 失敗 (網路錯誤): []objects.StockCompanyProfile: objects.StockCompanyProfile.VolAvg: assertInteger: can not decode float as int, error found in #10 byte of ...|vg": 14858.4,
    "m|..., bigger context ...|5.2893,
    "beta": 1.7022426,
    "volAvg": 14858.4,
    "mktCap": 1004236737,
    "lastDiv": 2.25,|...
2025/08/17 01:33:57 進度: 245/11195 (MFAO 完成)
2025/08/17 01:33:57 警告: 獲取 MSFW 的 Profile 失敗 (FMP API 無此股票數據)。
2025/08/17 01:33:57 進度: 246/11195 (MSFW 完成)
2025/08/17 01:33:57 進度: 247/11195 (EMPD 完成)
2025/08/17 01:33:57 進度: 248/11195 (HGLB 完成)
2025/08/17 01:33:57 進度: 249/11195 (TQQY 完成)
2025/08/17 01:33:58 進度: 250/11195 (ADUS 完成)
2025/08/17 01:33:58 進度: 251/11195 (BOTJ 完成)
2025/08/17 01:33:58 進度: 252/11195 (AGQI 完成)
2025/08/17 01:33:59 進度: 253/11195 (TXRH 完成)
2025/08/17 01:33:59 進度: 254/11195 (BACQ 完成)
2025/08/17 01:33:59 進度: 255/11195 (IGI 完成)
2025/08/17 01:34:00 進度: 256/11195 (LDRH 完成)
2025/08/17 01:34:01 進度: 257/11195 (CPLB 完成)
2025/08/17 01:34:02 進度: 258/11195 (FSI 完成)
2025/08/17 01:34:02 進度: 259/11195 (SMLV 完成)
2025/08/17 01:34:03 進度: 260/11195 (TDY 完成)
2025/08/17 01:34:03 警告: 獲取 HOVRW 的 Profile 失敗 (網路錯誤): []objects.StockCompanyProfile: objects.StockCompanyProfile.VolAvg: assertInteger: can not decode float as int, error found in #10 byte of ...|g": 105401.1234,
   |..., bigger context ...|e": 0.225,
    "beta": 2.611,
    "volAvg": 105401.1234,
    "mktCap": 67490634,
    "lastDiv": 0,
 |...
2025/08/17 01:34:03 進度: 261/11195 (HOVRW 完成)
2025/08/17 01:34:03 進度: 262/11195 (HUIZ 完成)
2025/08/17 01:34:03 進度: 263/11195 (HE 完成)
2025/08/17 01:34:04 進度: 264/11195 (AREA 完成)
2025/08/17 01:34:04 進度: 265/11195 (MHK 完成)
2025/08/17 01:34:05 進度: 266/11195 (VBND 完成)
2025/08/17 01:34:06 進度: 267/11195 (VTAK 完成)
2025/08/17 01:34:07 進度: 268/11195 (CCZ 完成)
2025/08/17 01:34:07 警告: 獲取 SFTY 的 Profile 失敗 (FMP API 無此股票數據)。
2025/08/17 01:34:07 進度: 269/11195 (SFTY 完成)
2025/08/17 01:34:07 進度: 270/11195 (PSHG 完成)
2025/08/17 01:34:07 進度: 271/11195 (AHYB 完成)
2025/08/17 01:34:07 進度: 272/11195 (URTY 完成)
2025/08/17 01:34:09 進度: 273/11195 (HYG 完成)
2025/08/17 01:34:10 進度: 274/11195 (RORO 完成)
2025/08/17 01:34:11 進度: 275/11195 (COUR 完成)
2025/08/17 01:34:11 警告: 獲取 BLDEW 的 Profile 失敗 (網路錯誤): []objects.StockCompanyProfile: objects.StockCompanyProfile.VolAvg: assertInteger: can not decode float as int, error found in #10 byte of ...|vg": 67593.95935,
  |..., bigger context ...|e": 0.1591,
    "beta": -0.21,
    "volAvg": 67593.95935,
    "mktCap": 365333957,
    "lastDiv": 0,|...
2025/08/17 01:34:11 進度: 276/11195 (BLDEW 完成)
2025/08/17 01:34:11 進度: 277/11195 (DELL 完成)
2025/08/17 01:34:11 進度: 278/11195 (GSBD 完成)
2025/08/17 01:34:11 警告: 獲取 MUU 的 Profile 失敗 (FMP API 無此股票數據)。
2025/08/17 01:34:11 進度: 279/11195 (MUU 完成)
2025/08/17 01:34:11 進度: 280/11195 (SPTI 完成)
2025/08/17 01:34:13 進度: 281/11195 (XMPT 完成)
2025/08/17 01:34:13 進度: 282/11195 (ACTG 完成)
2025/08/17 01:34:14 進度: 283/11195 (THAR 完成)
2025/08/17 01:34:14 進度: 284/11195 (LBRDA 完成)
2025/08/17 01:34:15 進度: 285/11195 (IVES 完成)
2025/08/17 01:34:15 進度: 286/11195 (FF 完成)
2025/08/17 01:34:16 進度: 287/11195 (MNDR 完成)
2025/08/17 01:34:17 進度: 288/11195 (MIDE 完成)
2025/08/17 01:34:17 進度: 289/11195 (AVGO 完成)
2025/08/17 01:34:17 進度: 290/11195 (AMPX 完成)
2025/08/17 01:34:17 進度: 291/11195 (BZ 完成)
2025/08/17 01:34:19 進度: 292/11195 (ZD 完成)
2025/08/17 01:34:20 進度: 293/11195 (CAE 完成)
2025/08/17 01:34:20 進度: 294/11195 (BFRI 完成)
2025/08/17 01:34:20 進度: 295/11195 (IYG 完成)
2025/08/17 01:34:21 警告: 獲取 DVXF 的 Profile 失敗 (FMP API 無此股票數據)。
2025/08/17 01:34:21 進度: 296/11195 (DVXF 完成)
2025/08/17 01:34:21 進度: 297/11195 (ALIL 完成)
2025/08/17 01:34:21 進度: 298/11195 (JFB 完成)
2025/08/17 01:34:21 進度: 299/11195 (RYLD 完成)
2025/08/17 01:34:21 進度: 300/11195 (BLDE 完成)
2025/08/17 01:34:21 警告: 獲取 RVPHW 的 Profile 失敗 (網路錯誤): []objects.StockCompanyProfile: objects.StockCompanyProfile.VolAvg: assertInteger: can not decode float as int, error found in #10 byte of ...|vg": 47335.91498,
  |..., bigger context ...|.0568,
    "beta": -0.0771401,
    "volAvg": 47335.91498,
    "mktCap": 58255683,
    "lastDiv": 0,
|...
2025/08/17 01:34:21 進度: 301/11195 (RVPHW 完成)
2025/08/17 01:34:22 進度: 302/11195 (KYTX 完成)
2025/08/17 01:34:23 進度: 303/11195 (MDWD 完成)
2025/08/17 01:34:23 進度: 304/11195 (SDSI 完成)
2025/08/17 01:34:23 進度: 305/11195 (PZG 完成)
2025/08/17 01:34:24 進度: 306/11195 (TAGG 完成)
2025/08/17 01:34:25 進度: 307/11195 (ROBO 完成)
2025/08/17 01:34:25 進度: 308/11195 (IBID 完成)
2025/08/17 01:34:26 進度: 309/11195 (GPRF 完成)
2025/08/17 01:34:26 進度: 310/11195 (BTI 完成)
2025/08/17 01:34:26 進度: 311/11195 (NTHI 完成)
2025/08/17 01:34:26 進度: 312/11195 (CABO 完成)
2025/08/17 01:34:26 進度: 313/11195 (SDTY 完成)
2025/08/17 01:34:27 進度: 314/11195 (LEO 完成)
2025/08/17 01:34:28 進度: 315/11195 (MLPB 完成)
2025/08/17 01:34:29 進度: 316/11195 (CRWV 完成)
2025/08/17 01:34:29 進度: 317/11195 (IQ 完成)
2025/08/17 01:34:30 進度: 318/11195 (RGNX 完成)
2025/08/17 01:34:30 進度: 319/11195 (FLRT 完成)
2025/08/17 01:34:30 進度: 320/11195 (HYEM 完成)
2025/08/17 01:34:30 警告: 獲取 USAF 的 Profile 失敗 (FMP API 無此股票數據)。
2025/08/17 01:34:30 進度: 321/11195 (USAF 完成)
2025/08/17 01:34:31 進度: 322/11195 (INMU 完成)
2025/08/17 01:34:32 進度: 323/11195 (CGHM 完成)
2025/08/17 01:34:32 警告: 獲取 DHAIW 的 Profile 失敗 (網路錯誤): []objects.StockCompanyProfile: objects.StockCompanyProfile.VolAvg: assertInteger: can not decode float as int, error found in #10 byte of ...|vg": 85508.45022,
  |..., bigger context ...|ice": 0.02,
    "beta": 0.071,
    "volAvg": 85508.45022,
    "mktCap": 12621271,
    "lastDiv": 0,
|...
2025/08/17 01:34:32 進度: 324/11195 (DHAIW 完成)
2025/08/17 01:34:32 進度: 325/11195 (EPSM 完成)
2025/08/17 01:34:32 進度: 326/11195 (DRUG 完成)
2025/08/17 01:34:32 進度: 327/11195 (OPTX 完成)
2025/08/17 01:34:33 進度: 328/11195 (EYPT 完成)
2025/08/17 01:34:33 警告: 獲取 GXPE 的 Profile 失敗 (FMP API 無此股票數據)。
2025/08/17 01:34:33 進度: 329/11195 (GXPE 完成)
2025/08/17 01:34:34 進度: 330/11195 (CDP 完成)
2025/08/17 01:34:35 進度: 331/11195 (C 完成)
2025/08/17 01:34:35 警告: 獲取 FACTW 的 Profile 失敗 (FMP API 無此股票數據)。
2025/08/17 01:34:35 進度: 332/11195 (FACTW 完成)
2025/08/17 01:34:35 進度: 333/11195 (ECCC 完成)
2025/08/17 01:34:36 進度: 334/11195 (VERU 完成)
2025/08/17 01:34:36 進度: 335/11195 (GSLC 完成)
2025/08/17 01:34:37 進度: 336/11195 (HPQ 完成)
2025/08/17 01:34:38 進度: 337/11195 (FORA 完成)
2025/08/17 01:34:38 進度: 338/11195 (MLM 完成)
2025/08/17 01:34:38 進度: 339/11195 (KTTA 完成)
2025/08/17 01:34:39 進度: 340/11195 (PRE 完成)
2025/08/17 01:34:40 進度: 341/11195 (AVAL 完成)
2025/08/17 01:34:40 進度: 342/11195 (IDE 完成)
2025/08/17 01:34:41 進度: 343/11195 (CHYM 完成)
2025/08/17 01:34:41 進度: 344/11195 (BXSL 完成)
2025/08/17 01:34:41 進度: 345/11195 (BSJV 完成)
2025/08/17 01:34:42 進度: 346/11195 (QLD 完成)
2025/08/17 01:34:42 進度: 347/11195 (SCHR 完成)
2025/08/17 01:34:42 進度: 348/11195 (XPOF 完成)
2025/08/17 01:34:42 進度: 349/11195 (ZK 完成)
2025/08/17 01:34:44 進度: 350/11195 (CODA 完成)
2025/08/17 01:34:44 警告: 獲取 PVEX 的 Profile 失敗 (FMP API 無此股票數據)。
2025/08/17 01:34:44 進度: 351/11195 (PVEX 完成)
2025/08/17 01:34:45 進度: 352/11195 (ADSK 完成)
2025/08/17 01:34:45 進度: 353/11195 (SEATW 完成)
2025/08/17 01:34:45 進度: 354/11195 (TFNS 完成)
2025/08/17 01:34:46 進度: 355/11195 (AAP 完成)
2025/08/17 01:34:46 進度: 356/11195 (F 完成)
2025/08/17 01:34:46 進度: 357/11195 (NOW 完成)
2025/08/17 01:34:47 進度: 358/11195 (SPBX 完成)
2025/08/17 01:34:48 進度: 359/11195 (UMC 完成)
2025/08/17 01:34:49 進度: 360/11195 (INOD 完成)
2025/08/17 01:34:49 進度: 361/11195 (NNE 完成)
2025/08/17 01:34:49 進度: 362/11195 (AMOM 完成)
2025/08/17 01:34:49 進度: 363/11195 (CNQ 完成)
2025/08/17 01:34:49 警告: 獲取 ATEST 的 Profile 失敗 (FMP API 無此股票數據)。
2025/08/17 01:34:49 進度: 364/11195 (ATEST 完成)
2025/08/17 01:34:50 進度: 365/11195 (SNOW 完成)
2025/08/17 01:34:50 警告: 獲取 ATIIW 的 Profile 失敗 (網路錯誤): []objects.StockCompanyProfile: objects.StockCompanyProfile.VolAvg: assertInteger: can not decode float as int, error found in #10 byte of ...|vg": 39815.91358,
  |..., bigger context ...| 0.35,
    "beta": 0.03168977,
    "volAvg": 39815.91358,
    "mktCap": 10295011,
    "lastDiv": 0,
|...
2025/08/17 01:34:50 進度: 366/11195 (ATIIW 完成)
2025/08/17 01:34:50 進度: 367/11195 (HVII 完成)
2025/08/17 01:34:50 進度: 368/11195 (IDXX 完成)
2025/08/17 01:34:50 進度: 369/11195 (AOHY 完成)
2025/08/17 01:34:50 警告: 獲取 TMUSZ 的 Profile 失敗 (FMP API 無此股票數據)。
2025/08/17 01:34:50 進度: 370/11195 (TMUSZ 完成)
2025/08/17 01:34:50 進度: 371/11195 (LPA 完成)
2025/08/17 01:34:51 進度: 372/11195 (NHYM 完成)
2025/08/17 01:34:52 進度: 373/11195 (OLO 完成)
2025/08/17 01:34:53 進度: 374/11195 (RCAT 完成)
2025/08/17 01:34:54 進度: 375/11195 (SLX 完成)
2025/08/17 01:34:54 進度: 376/11195 (BDJ 完成)
2025/08/17 01:34:54 警告: 獲取 IYRI 的 Profile 失敗 (FMP API 無此股票數據)。
2025/08/17 01:34:54 進度: 377/11195 (IYRI 完成)
2025/08/17 01:34:55 進度: 378/11195 (RVYL 完成)
2025/08/17 01:34:55 進度: 379/11195 (BNDI 完成)
2025/08/17 01:34:55 進度: 380/11195 (MKLYU 完成)
2025/08/17 01:34:55 警告: 獲取 SVREW 的 Profile 失敗 (網路錯誤): []objects.StockCompanyProfile: objects.StockCompanyProfile.VolAvg: assertInteger: can not decode float as int, error found in #10 byte of ...|vg": 18262.52,
    "|..., bigger context ...|ce": 0.015,
    "beta": 0.925,
    "volAvg": 18262.52,
    "mktCap": 13122407,
    "lastDiv": 0,
   |...
2025/08/17 01:34:55 進度: 381/11195 (SVREW 完成)
2025/08/17 01:34:56 進度: 382/11195 (CCLD 完成)
2025/08/17 01:34:57 進度: 383/11195 (IBLC 完成)
2025/08/17 01:34:58 進度: 384/11195 (CCJ 完成)
2025/08/17 01:35:00 進度: 385/11195 (JEPI 完成)
2025/08/17 01:35:00 進度: 386/11195 (TAL 完成)
2025/08/17 01:35:01 進度: 387/11195 (VCLT 完成)
2025/08/17 01:35:01 進度: 388/11195 (QTOC 完成)
2025/08/17 01:35:01 進度: 389/11195 (SHPP 完成)
2025/08/17 01:35:05 進度: 390/11195 (TGEN 完成)
2025/08/17 01:35:05 進度: 391/11195 (XDEC 完成)
2025/08/17 01:35:06 進度: 392/11195 (KBDC 完成)
2025/08/17 01:35:07 進度: 393/11195 (LENZ 完成)
2025/08/17 01:35:08 進度: 394/11195 (HOG 完成)
2025/08/17 01:35:08 警告: 獲取 OUSTW 的 Profile 失敗 (網路錯誤): []objects.StockCompanyProfile: objects.StockCompanyProfile.VolAvg: assertInteger: can not decode float as int, error found in #10 byte of ...|vg": 44626.12883,
  |..., bigger context ...|ice": 0.02,
    "beta": 2.742,
    "volAvg": 44626.12883,
    "mktCap": 1904870737,
    "lastDiv": 0|...
2025/08/17 01:35:08 進度: 395/11195 (OUSTW 完成)
2025/08/17 01:35:08 警告: 獲取 YHNAR 的 Profile 失敗 (網路錯誤): []objects.StockCompanyProfile: objects.StockCompanyProfile.VolAvg: assertInteger: can not decode float as int, error found in #10 byte of ...|vg": 26173.68932,
  |..., bigger context ...|0.1599,
    "beta": 3.8489618,
    "volAvg": 26173.68932,
    "mktCap": 1239225,
    "lastDiv": 0,
 |...
2025/08/17 01:35:08 進度: 396/11195 (YHNAR 完成)
2025/08/17 01:35:08 進度: 397/11195 (VYM 完成)
2025/08/17 01:35:08 進度: 398/11195 (DHCNI 完成)
2025/08/17 01:35:11 進度: 399/11195 (ESRT 完成)
2025/08/17 01:35:14 進度: 400/11195 (GLPG 完成)
2025/08/17 01:35:14 進度: 401/11195 (FNWD 完成)
2025/08/17 01:35:15 進度: 402/11195 (AREN 完成)
2025/08/17 01:35:15 進度: 403/11195 (BTAL 完成)
2025/08/17 01:35:15 進度: 404/11195 (EAT 完成)
2025/08/17 01:35:17 進度: 405/11195 (MKDW 完成)
2025/08/17 01:35:18 進度: 406/11195 (FLSW 完成)
2025/08/17 01:35:19 進度: 407/11195 (ZIMV 完成)
2025/08/17 01:35:20 進度: 408/11195 (AENT 完成)
2025/08/17 01:35:20 警告: 獲取 AREBW 的 Profile 失敗 (網路錯誤): []objects.StockCompanyProfile: objects.StockCompanyProfile.VolAvg: assertInteger: can not decode float as int, error found in #10 byte of ...|vg": 47078.94884,
  |..., bigger context ...|0.0306,
    "beta": 1.0673168,
    "volAvg": 47078.94884,
    "mktCap": 7672478,
    "lastDiv": 0,
 |...
2025/08/17 01:35:20 進度: 409/11195 (AREBW 完成)
2025/08/17 01:35:20 進度: 410/11195 (PMNT 完成)
2025/08/17 01:35:21 進度: 411/11195 (SNT 完成)
2025/08/17 01:35:22 進度: 412/11195 (CAPE 完成)
2025/08/17 01:35:24 進度: 413/11195 (GGM 完成)
2025/08/17 01:35:24 進度: 414/11195 (NXN 完成)
2025/08/17 01:35:24 警告: 獲取 FOXXW 的 Profile 失敗 (FMP API 無此股票數據)。
2025/08/17 01:35:24 進度: 415/11195 (FOXXW 完成)
2025/08/17 01:35:25 進度: 416/11195 (WRND 完成)
2025/08/17 01:35:26 進度: 417/11195 (VIS 完成)
2025/08/17 01:35:26 警告: 獲取 NIXXW 的 Profile 失敗 (網路錯誤): []objects.StockCompanyProfile: objects.StockCompanyProfile.VolAvg: assertInteger: can not decode float as int, error found in #10 byte of ...|vg": 22657.05,
    "|..., bigger context ...|e": 0.0361,
    "beta": 1.238,
    "volAvg": 22657.05,
    "mktCap": 28428722,
    "lastDiv": 0,
   |...
2025/08/17 01:35:26 進度: 418/11195 (NIXXW 完成)
2025/08/17 01:35:26 警告: 獲取 OAKUW 的 Profile 失敗 (FMP API 無此股票數據)。
2025/08/17 01:35:26 進度: 419/11195 (OAKUW 完成)
2025/08/17 01:35:27 進度: 420/11195 (DBAW 完成)
2025/08/17 01:35:27 進度: 421/11195 (ZENA 完成)
2025/08/17 01:35:27 進度: 422/11195 (FBL 完成)
2025/08/17 01:35:28 進度: 423/11195 (CTWO 完成)
2025/08/17 01:35:28 進度: 424/11195 (AIHS 完成)
2025/08/17 01:35:30 進度: 425/11195 (CAML 完成)
2025/08/17 01:35:31 進度: 426/11195 (IEUS 完成)
2025/08/17 01:35:31 進度: 427/11195 (MTEX 完成)
2025/08/17 01:35:31 進度: 428/11195 (BNRG 完成)
2025/08/17 01:35:33 進度: 429/11195 (AIRE 完成)
2025/08/17 01:35:34 進度: 430/11195 (FPE 完成)
2025/08/17 01:35:35 進度: 431/11195 (GUSH 完成)
2025/08/17 01:35:37 進度: 432/11195 (USA 完成)
2025/08/17 01:35:38 進度: 433/11195 (ECML 完成)
2025/08/17 01:35:38 進度: 434/11195 (MOFG 完成)
2025/08/17 01:35:38 進度: 435/11195 (CX 完成)
2025/08/17 01:35:40 進度: 436/11195 (DGP 完成)
2025/08/17 01:35:42 進度: 437/11195 (FOA 完成)
2025/08/17 01:35:44 進度: 438/11195 (SIMS 完成)
2025/08/17 01:35:44 進度: 439/11195 (RYLG 完成)
2025/08/17 01:35:44 進度: 440/11195 (TK 完成)
2025/08/17 01:35:45 進度: 441/11195 (ESEA 完成)
2025/08/17 01:35:45 進度: 442/11195 (ENJ 完成)
2025/08/17 01:35:46 進度: 443/11195 (BCHI 完成)
2025/08/17 01:35:46 警告: 獲取 GMEU 的 Profile 失敗 (FMP API 無此股票數據)。
2025/08/17 01:35:46 進度: 444/11195 (GMEU 完成)
2025/08/17 01:35:49 進度: 445/11195 (BBWI 完成)
2025/08/17 01:35:50 進度: 446/11195 (IAPR 完成)
2025/08/17 01:35:51 進度: 447/11195 (IBUY 完成)
2025/08/17 01:35:51 進度: 448/11195 (PAVS 完成)
2025/08/17 01:35:51 進度: 449/11195 (CLOD 完成)
2025/08/17 01:35:51 進度: 450/11195 (KMTS 完成)
2025/08/17 01:35:52 進度: 451/11195 (ACRE 完成)
2025/08/17 01:35:52 進度: 452/11195 (PAGS 完成)
2025/08/17 01:35:53 進度: 453/11195 (SOCAU 完成)
2025/08/17 01:35:53 進度: 454/11195 (RSJN 完成)
2025/08/17 01:35:53 警告: 獲取 BAGY 的 Profile 失敗 (FMP API 無此股票數據)。
2025/08/17 01:35:53 進度: 455/11195 (BAGY 完成)
2025/08/17 01:35:55 進度: 456/11195 (AVMV 完成)
2025/08/17 01:35:56 進度: 457/11195 (DC 完成)
2025/08/17 01:35:56 進度: 458/11195 (BUSA 完成)
2025/08/17 01:35:56 進度: 459/11195 (FAD 完成)
2025/08/17 01:35:57 進度: 460/11195 (DTSQU 完成)
2025/08/17 01:35:58 進度: 461/11195 (ROCK 完成)
2025/08/17 01:35:58 進度: 462/11195 (ERH 完成)
2025/08/17 01:36:01 進度: 463/11195 (DAT 完成)
2025/08/17 01:36:02 進度: 464/11195 (CNA 完成)
2025/08/17 01:36:02 進度: 465/11195 (INFL 完成)
2025/08/17 01:36:02 進度: 466/11195 (HOUR 完成)
2025/08/17 01:36:03 進度: 467/11195 (ZONE 完成)
2025/08/17 01:36:04 進度: 468/11195 (HSIC 完成)
2025/08/17 01:36:05 進度: 469/11195 (WTMY 完成)
2025/08/17 01:36:05 進度: 470/11195 (MDIV 完成)
2025/08/17 01:36:09 進度: 471/11195 (AEIS 完成)
2025/08/17 01:36:09 進度: 472/11195 (TRS 完成)
2025/08/17 01:36:09 警告: 獲取 ZJUL 的 Profile 失敗 (FMP API 無此股票數據)。
2025/08/17 01:36:09 進度: 473/11195 (ZJUL 完成)
2025/08/17 01:36:09 進度: 474/11195 (AIRTP 完成)
2025/08/17 01:36:09 進度: 475/11195 (GLIBK 完成)
2025/08/17 01:36:09 警告: 獲取 TNGY 的 Profile 失敗 (FMP API 無此股票數據)。
2025/08/17 01:36:09 進度: 476/11195 (TNGY 完成)
2025/08/17 01:36:10 進度: 477/11195 (VRA 完成)
2025/08/17 01:36:12 進度: 478/11195 (BKH 完成)
2025/08/17 01:36:12 進度: 479/11195 (IYK 完成)
2025/08/17 01:36:15 進度: 480/11195 (CDT 完成)
2025/08/17 01:36:15 進度: 481/11195 (MGY 完成)
2025/08/17 01:36:16 進度: 482/11195 (HASI 完成)
2025/08/17 01:36:16 進度: 483/11195 (RCD 完成)
2025/08/17 01:36:16 進度: 484/11195 (APLT 完成)
2025/08/17 01:36:18 進度: 485/11195 (SEPW 完成)
2025/08/17 01:36:18 警告: 獲取 CLCG 的 Profile 失敗 (FMP API 無此股票數據)。
2025/08/17 01:36:18 進度: 486/11195 (CLCG 完成)
2025/08/17 01:36:18 進度: 487/11195 (AUGZ 完成)
2025/08/17 01:36:18 進度: 488/11195 (LAUR 完成)
2025/08/17 01:36:18 警告: 獲取 PXSAW 的 Profile 失敗 (網路錯誤): []objects.StockCompanyProfile: objects.StockCompanyProfile.VolAvg: assertInteger: can not decode float as int, error found in #10 byte of ...|vg": 15630.25949,
  |..., bigger context ...|e": 0.008,
    "beta": -0.604,
    "volAvg": 15630.25949,
    "mktCap": 83887,
    "lastDiv": 0,
   |...
2025/08/17 01:36:18 進度: 489/11195 (PXSAW 完成)
2025/08/17 01:36:23 進度: 490/11195 (VTV 完成)
2025/08/17 01:36:23 進度: 491/11195 (HIVE 完成)
2025/08/17 01:36:23 進度: 492/11195 (SRTS 完成)
2025/08/17 01:36:23 警告: 獲取 MFSI 的 Profile 失敗 (FMP API 無此股票數據)。
2025/08/17 01:36:23 進度: 493/11195 (MFSI 完成)
2025/08/17 01:36:25 進度: 494/11195 (XHS 完成)
2025/08/17 01:36:25 進度: 495/11195 (OM 完成)
2025/08/17 01:36:25 進度: 496/11195 (BHR 完成)
2025/08/17 01:36:26 進度: 497/11195 (PENG 完成)
2025/08/17 01:36:28 進度: 498/11195 (GAST 完成)
2025/08/17 01:36:30 進度: 499/11195 (BSET 完成)
2025/08/17 01:36:30 進度: 500/11195 (EWZS 完成)
2025/08/17 01:36:30 進度: 501/11195 (BLUC 完成)
2025/08/17 01:36:32 進度: 502/11195 (RFEU 完成)
2025/08/17 01:36:32 進度: 503/11195 (PWV 完成)
2025/08/17 01:36:33 進度: 504/11195 (UDR 完成)
2025/08/17 01:36:34 進度: 505/11195 (BBLU 完成)
2025/08/17 01:36:34 進度: 506/11195 (MSW 完成)
2025/08/17 01:36:34 進度: 507/11195 (ADAP 完成)
2025/08/17 01:36:35 進度: 508/11195 (CSRE 完成)
2025/08/17 01:36:35 進度: 509/11195 (SZZLU 完成)
2025/08/17 01:36:36 進度: 510/11195 (HBANL 完成)
2025/08/17 01:36:37 進度: 511/11195 (SPXS 完成)
2025/08/17 01:36:38 進度: 512/11195 (JUNW 完成)
2025/08/17 01:36:38 進度: 513/11195 (BMHL 完成)
2025/08/17 01:36:39 進度: 514/11195 (CAC 完成)
2025/08/17 01:36:39 警告: 獲取 JPX 的 Profile 失敗 (FMP API 無此股票數據)。
2025/08/17 01:36:39 進度: 515/11195 (JPX 完成)
2025/08/17 01:36:39 進度: 516/11195 (KWM 完成)
2025/08/17 01:36:40 進度: 517/11195 (ODDS 完成)
2025/08/17 01:36:40 警告: 獲取 OACCW 的 Profile 失敗 (FMP API 無此股票數據)。
2025/08/17 01:36:40 進度: 518/11195 (OACCW 完成)
2025/08/17 01:36:40 進度: 519/11195 (LFSC 完成)
2025/08/17 01:36:41 進度: 520/11195 (FLJH 完成)
2025/08/17 01:36:42 進度: 521/11195 (IWO 完成)
2025/08/17 01:36:43 進度: 522/11195 (RQI 完成)
2025/08/17 01:36:45 進度: 523/11195 (BSCU 完成)
2025/08/17 01:36:47 進度: 524/11195 (EP 完成)
2025/08/17 01:36:47 進度: 525/11195 (VECO 完成)
2025/08/17 01:36:47 進度: 526/11195 (BZUN 完成)
2025/08/17 01:36:49 進度: 527/11195 (CEMB 完成)
2025/08/17 01:36:49 警告: 獲取 HYBI 的 Profile 失敗 (FMP API 無此股票數據)。
2025/08/17 01:36:49 進度: 528/11195 (HYBI 完成)
2025/08/17 01:36:50 進度: 529/11195 (CIM 完成)
2025/08/17 01:36:51 進度: 530/11195 (DRN 完成)
2025/08/17 01:36:53 進度: 531/11195 (IZRL 完成)
2025/08/17 01:36:53 進度: 532/11195 (TT 完成)
2025/08/17 01:36:54 進度: 533/11195 (EA 完成)
2025/08/17 01:36:54 進度: 534/11195 (IRD 完成)
2025/08/17 01:36:55 進度: 535/11195 (BWMX 完成)
2025/08/17 01:36:56 進度: 536/11195 (COSO 完成)
2025/08/17 01:36:56 警告: 獲取 BGDV 的 Profile 失敗 (FMP API 無此股票數據)。
2025/08/17 01:36:56 進度: 537/11195 (BGDV 完成)
2025/08/17 01:36:57 進度: 538/11195 (SFWL 完成)
2025/08/17 01:36:58 進度: 539/11195 (ISD 完成)
2025/08/17 01:37:00 進度: 540/11195 (OCIO 完成)
2025/08/17 01:37:00 進度: 541/11195 (EZBC 完成)
2025/08/17 01:37:01 進度: 542/11195 (AOA 完成)
2025/08/17 01:37:01 進度: 543/11195 (XAIX 完成)
2025/08/17 01:37:01 進度: 544/11195 (BMNR 完成)
2025/08/17 01:37:02 進度: 545/11195 (BBDO 完成)
2025/08/17 01:37:04 進度: 546/11195 (EMHY 完成)
2025/08/17 01:37:05 進度: 547/11195 (BIOA 完成)
2025/08/17 01:37:06 進度: 548/11195 (COOK 完成)
2025/08/17 01:37:08 進度: 549/11195 (NUE 完成)
2025/08/17 01:37:08 進度: 550/11195 (LCTX 完成)
2025/08/17 01:37:09 進度: 551/11195 (WSR 完成)
2025/08/17 01:37:09 進度: 552/11195 (MHF 完成)
2025/08/17 01:37:12 進度: 553/11195 (CROX 完成)
2025/08/17 01:37:12 進度: 554/11195 (IMCC 完成)
2025/08/17 01:37:13 進度: 555/11195 (PBDC 完成)
2025/08/17 01:37:15 進度: 556/11195 (IEZ 完成)
2025/08/17 01:37:15 進度: 557/11195 (IXJ 完成)
2025/08/17 01:37:15 進度: 558/11195 (IKT 完成)
2025/08/17 01:37:16 進度: 559/11195 (NDAA 完成)
2025/08/17 01:37:18 進度: 560/11195 (OKUR 完成)
2025/08/17 01:37:19 進度: 561/11195 (LOPE 完成)
2025/08/17 01:37:19 進度: 562/11195 (BAFN 完成)
2025/08/17 01:37:21 進度: 563/11195 (AGGH 完成)
2025/08/17 01:37:21 進度: 564/11195 (JAMF 完成)
2025/08/17 01:37:22 進度: 565/11195 (NWN 完成)
2025/08/17 01:37:23 進度: 566/11195 (DXIV 完成)
2025/08/17 01:37:24 進度: 567/11195 (SARK 完成)
2025/08/17 01:37:25 進度: 568/11195 (ARES 完成)
2025/08/17 01:37:26 進度: 569/11195 (STAA 完成)
2025/08/17 01:37:27 進度: 570/11195 (WBD 完成)
2025/08/17 01:37:28 進度: 571/11195 (SCL 完成)
2025/08/17 01:37:29 進度: 572/11195 (ALGT 完成)
2025/08/17 01:37:29 警告: 獲取 COIO 的 Profile 失敗 (FMP API 無此股票數據)。
2025/08/17 01:37:29 進度: 573/11195 (COIO 完成)
2025/08/17 01:37:30 進度: 574/11195 (BANFP 完成)
2025/08/17 01:37:31 進度: 575/11195 (DYN 完成)
2025/08/17 01:37:31 進度: 576/11195 (ASPCU 完成)
2025/08/17 01:37:32 進度: 577/11195 (ECPG 完成)
2025/08/17 01:37:32 警告: 獲取 NMAR 的 Profile 失敗 (FMP API 無此股票數據)。
2025/08/17 01:37:32 進度: 578/11195 (NMAR 完成)
2025/08/17 01:37:33 進度: 579/11195 (NRGU 完成)
2025/08/17 01:37:34 進度: 580/11195 (HPK 完成)
2025/08/17 01:37:34 進度: 581/11195 (AES 完成)
2025/08/17 01:37:35 進度: 582/11195 (FMUB 完成)
2025/08/17 01:37:36 進度: 583/11195 (IDU 完成)
2025/08/17 01:37:36 警告: 獲取 NWTNW 的 Profile 失敗 (網路錯誤): []objects.StockCompanyProfile: objects.StockCompanyProfile.VolAvg: assertInteger: can not decode float as int, error found in #10 byte of ...|vg": 56809.39565,
  |..., bigger context ...|e": 0.0484,
    "beta": 1.419,
    "volAvg": 56809.39565,
    "mktCap": 361418550,
    "lastDiv": 0,|...
2025/08/17 01:37:36 進度: 584/11195 (NWTNW 完成)
2025/08/17 01:37:36 進度: 585/11195 (MYCJ 完成)
2025/08/17 01:37:38 進度: 586/11195 (GNLN 完成)
2025/08/17 01:37:38 進度: 587/11195 (GLBS 完成)
2025/08/17 01:37:38 進度: 588/11195 (SRHQ 完成)
2025/08/17 01:37:38 警告: 獲取 JULM 的 Profile 失敗 (FMP API 無此股票數據)。
2025/08/17 01:37:38 進度: 589/11195 (JULM 完成)
2025/08/17 01:37:39 進度: 590/11195 (OHI 完成)
2025/08/17 01:37:42 進度: 591/11195 (BAUG 完成)
2025/08/17 01:37:43 進度: 592/11195 (CTBB 完成)
2025/08/17 01:37:44 進度: 593/11195 (WBTN 完成)
2025/08/17 01:37:44 進度: 594/11195 (SND 完成)
2025/08/17 01:37:44 進度: 595/11195 (CETX 完成)
2025/08/17 01:37:44 進度: 596/11195 (BELFA 完成)
2025/08/17 01:37:45 進度: 597/11195 (MWYN 完成)
2025/08/17 01:37:46 進度: 598/11195 (OKLO 完成)
2025/08/17 01:37:46 進度: 599/11195 (TUSK 完成)
2025/08/17 01:37:46 警告: 獲取 ZMAR 的 Profile 失敗 (FMP API 無此股票數據)。
2025/08/17 01:37:46 進度: 600/11195 (ZMAR 完成)
2025/08/17 01:37:47 進度: 601/11195 (ELM 完成)
2025/08/17 01:37:49 進度: 602/11195 (KLMT 完成)
2025/08/17 01:37:50 進度: 603/11195 (ATI 完成)
2025/08/17 01:37:51 進度: 604/11195 (DMO 完成)
2025/08/17 01:37:51 進度: 605/11195 (PST 完成)
2025/08/17 01:37:52 進度: 606/11195 (SPXN 完成)
2025/08/17 01:37:53 進度: 607/11195 (WIW 完成)
2025/08/17 01:37:54 進度: 608/11195 (BGIG 完成)
2025/08/17 01:37:56 進度: 609/11195 (PBW 完成)
2025/08/17 01:37:57 進度: 610/11195 (XLC 完成)
2025/08/17 01:37:58 進度: 611/11195 (ISHP 完成)
2025/08/17 01:37:59 進度: 612/11195 (RMBI 完成)
2025/08/17 01:38:00 進度: 613/11195 (BXMT 完成)
2025/08/17 01:38:02 進度: 614/11195 (HIDE 完成)
2025/08/17 01:38:02 進度: 615/11195 (DBRG 完成)
2025/08/17 01:38:03 進度: 616/11195 (MCR 完成)
2025/08/17 01:38:03 警告: 獲取 MAGY 的 Profile 失敗 (FMP API 無此股票數據)。
2025/08/17 01:38:03 進度: 617/11195 (MAGY 完成)
2025/08/17 01:38:04 進度: 618/11195 (BNTX 完成)
2025/08/17 01:38:04 進度: 619/11195 (GQI 完成)
2025/08/17 01:38:05 進度: 620/11195 (AVGX 完成)
2025/08/17 01:38:06 進度: 621/11195 (HSDT 完成)
2025/08/17 01:38:07 進度: 622/11195 (RIGL 完成)
2025/08/17 01:38:09 進度: 623/11195 (HYLN 完成)
2025/08/17 01:38:10 進度: 624/11195 (OZ 完成)
2025/08/17 01:38:10 進度: 625/11195 (LEGN 完成)
2025/08/17 01:38:11 進度: 626/11195 (GLBL 完成)
2025/08/17 01:38:11 進度: 627/11195 (TIL 完成)
2025/08/17 01:38:12 進度: 628/11195 (LRGE 完成)
2025/08/17 01:38:13 進度: 629/11195 (AYI 完成)
2025/08/17 01:38:13 警告: 獲取 MTRA 的 Profile 失敗 (FMP API 無此股票數據)。
2025/08/17 01:38:13 進度: 630/11195 (MTRA 完成)
2025/08/17 01:38:14 進度: 631/11195 (PEMX 完成)
2025/08/17 01:38:14 進度: 632/11195 (IBIB 完成)
2025/08/17 01:38:15 進度: 633/11195 (BAR 完成)
2025/08/17 01:38:16 進度: 634/11195 (ACOG 完成)
2025/08/17 01:38:16 進度: 635/11195 (TRUG 完成)
2025/08/17 01:38:17 進度: 636/11195 (PDFS 完成)
2025/08/17 01:38:18 進度: 637/11195 (SSXU 完成)
2025/08/17 01:38:18 進度: 638/11195 (NCT 完成)
2025/08/17 01:38:18 警告: 獲取 NIVFW 的 Profile 失敗 (網路錯誤): []objects.StockCompanyProfile: objects.StockCompanyProfile.VolAvg: assertInteger: can not decode float as int, error found in #10 byte of ...|vg": 43304.93889,
  |..., bigger context ...|": 0.0215,
    "beta": -0.098,
    "volAvg": 43304.93889,
    "mktCap": 3357789,
    "lastDiv": 0,
 |...
2025/08/17 01:38:18 進度: 639/11195 (NIVFW 完成)
2025/08/17 01:38:20 進度: 640/11195 (RSPU 完成)
2025/08/17 01:38:21 進度: 641/11195 (WTS 完成)
2025/08/17 01:38:21 進度: 642/11195 (EPSV 完成)
2025/08/17 01:38:21 警告: 獲取 NCLO 的 Profile 失敗 (FMP API 無此股票數據)。
2025/08/17 01:38:21 進度: 643/11195 (NCLO 完成)
2025/08/17 01:38:22 進度: 644/11195 (AUID 完成)
2025/08/17 01:38:22 警告: 獲取 VTEC 的 Profile 失敗 (FMP API 無此股票數據)。
2025/08/17 01:38:22 進度: 645/11195 (VTEC 完成)
2025/08/17 01:38:22 進度: 646/11195 (OOSB 完成)
2025/08/17 01:38:23 進度: 647/11195 (MTC 完成)
2025/08/17 01:38:24 進度: 648/11195 (RLY 完成)
2025/08/17 01:38:25 進度: 649/11195 (CJET 完成)
2025/08/17 01:38:25 進度: 650/11195 (GKOS 完成)
2025/08/17 01:38:27 進度: 651/11195 (IBHJ 完成)
2025/08/17 01:38:28 警告: 獲取 CGCTW 的 Profile 失敗 (網路錯誤): []objects.StockCompanyProfile: objects.StockCompanyProfile.VolAvg: assertInteger: can not decode float as int, error found in #10 byte of ...|vg": 43497.42308,
  |..., bigger context ...|"price": 0.285,
    "beta": 0,
    "volAvg": 43497.42308,
    "mktCap": 7873780,
    "lastDiv": 0,
 |...
2025/08/17 01:38:28 進度: 652/11195 (CGCTW 完成)
2025/08/17 01:38:28 進度: 653/11195 (SBEV 完成)
2025/08/17 01:38:28 警告: 獲取 AAAA 的 Profile 失敗 (FMP API 無此股票數據)。
2025/08/17 01:38:28 進度: 654/11195 (AAAA 完成)
2025/08/17 01:38:28 進度: 655/11195 (BOBP 完成)
2025/08/17 01:38:29 進度: 656/11195 (DFNM 完成)
2025/08/17 01:38:29 進度: 657/11195 (FGNX 完成)
2025/08/17 01:38:29 進度: 658/11195 (CLM 完成)
2025/08/17 01:38:30 進度: 659/11195 (IOCT 完成)
2025/08/17 01:38:32 進度: 660/11195 (HRTS 完成)
2025/08/17 01:38:34 進度: 661/11195 (BTX 完成)
2025/08/17 01:38:34 進度: 662/11195 (IMAB 完成)
2025/08/17 01:38:35 進度: 663/11195 (HPF 完成)
2025/08/17 01:38:36 進度: 664/11195 (OXLCP 完成)
2025/08/17 01:38:37 進度: 665/11195 (LSCC 完成)
2025/08/17 01:38:39 進度: 666/11195 (MCHI 完成)
2025/08/17 01:38:39 警告: 獲取 LIMNW 的 Profile 失敗 (網路錯誤): []objects.StockCompanyProfile: objects.StockCompanyProfile.VolAvg: assertInteger: can not decode float as int, error found in #10 byte of ...|vg": 87663.84848,
  |..., bigger context ...|ice": 0.21,
    "beta": 0.517,
    "volAvg": 87663.84848,
    "mktCap": 0,
    "lastDiv": 0,
    "ra|...
2025/08/17 01:38:39 進度: 667/11195 (LIMNW 完成)
2025/08/17 01:38:39 警告: 獲取 SCLXW 的 Profile 失敗 (網路錯誤): []objects.StockCompanyProfile: objects.StockCompanyProfile.VolAvg: assertInteger: can not decode float as int, error found in #10 byte of ...|Avg": 9846.21296,
  |..., bigger context ...|ice": 0.461,
    "beta": 1.334,
    "volAvg": 9846.21296,
    "mktCap": 120786043,
    "lastDiv": 0,|...
2025/08/17 01:38:39 進度: 668/11195 (SCLXW 完成)
2025/08/17 01:38:41 進度: 669/11195 (QTJL 完成)
2025/08/17 01:38:41 進度: 670/11195 (SAMG 完成)
2025/08/17 01:38:41 進度: 671/11195 (CEE 完成)
2025/08/17 01:38:43 進度: 672/11195 (YLD 完成)
2025/08/17 01:38:44 進度: 673/11195 (EXAS 完成)
2025/08/17 01:38:46 進度: 674/11195 (WETH 完成)
2025/08/17 01:38:46 進度: 675/11195 (CAFG 完成)
2025/08/17 01:38:48 進度: 676/11195 (TRINZ 完成)
2025/08/17 01:38:48 進度: 677/11195 (LRNZ 完成)
2025/08/17 01:38:48 進度: 678/11195 (ORLA 完成)
2025/08/17 01:38:48 進度: 679/11195 (MDYV 完成)
2025/08/17 01:38:50 進度: 680/11195 (LILA 完成)
2025/08/17 01:38:52 進度: 681/11195 (WSC 完成)
2025/08/17 01:38:54 進度: 682/11195 (EZJ 完成)
2025/08/17 01:38:54 警告: 獲取 ETU 的 Profile 失敗 (FMP API 無此股票數據)。
2025/08/17 01:38:54 進度: 683/11195 (ETU 完成)
2025/08/17 01:38:54 警告: 獲取 PBFR 的 Profile 失敗 (FMP API 無此股票數據)。
2025/08/17 01:38:54 進度: 684/11195 (PBFR 完成)
2025/08/17 01:38:54 進度: 685/11195 (MSCI 完成)
2025/08/17 01:38:54 進度: 686/11195 (PDS 完成)
2025/08/17 01:38:54 進度: 687/11195 (MEDP 完成)
2025/08/17 01:38:54 警告: 獲取 ASTLW 的 Profile 失敗 (網路錯誤): []objects.StockCompanyProfile: objects.StockCompanyProfile.VolAvg: assertInteger: can not decode float as int, error found in #10 byte of ...|vg": 31982.10246,
  |..., bigger context ...|ce": 0.259,
    "beta": 1.622,
    "volAvg": 31982.10246,
    "mktCap": 27177854,
    "lastDiv": 0,
|...
2025/08/17 01:38:54 進度: 688/11195 (ASTLW 完成)
2025/08/17 01:38:55 進度: 689/11195 (ROLR 完成)
2025/08/17 01:38:55 警告: 獲取 LSBPW 的 Profile 失敗 (網路錯誤): []objects.StockCompanyProfile: objects.StockCompanyProfile.VolAvg: assertInteger: can not decode float as int, error found in #10 byte of ...|vg": 33730.38462,
  |..., bigger context ...|ice": 0.027,
    "beta": 0.57,
    "volAvg": 33730.38462,
    "mktCap": 814975,
    "lastDiv": 0,
  |...
2025/08/17 01:38:55 進度: 690/11195 (LSBPW 完成)
2025/08/17 01:38:55 進度: 691/11195 (DCRE 完成)
2025/08/17 01:38:56 進度: 692/11195 (ATLCZ 完成)
2025/08/17 01:38:56 進度: 693/11195 (VICR 完成)
2025/08/17 01:38:57 警告: 獲取 BUFS 的 Profile 失敗 (FMP API 無此股票數據)。
2025/08/17 01:38:57 進度: 694/11195 (BUFS 完成)
2025/08/17 01:38:59 進度: 695/11195 (RPHS 完成)
2025/08/17 01:38:59 警告: 獲取 RINT 的 Profile 失敗 (FMP API 無此股票數據)。
2025/08/17 01:38:59 進度: 696/11195 (RINT 完成)
2025/08/17 01:38:59 警告: 獲取 SDHIR 的 Profile 失敗 (網路錯誤): []objects.StockCompanyProfile: objects.StockCompanyProfile.VolAvg: assertInteger: can not decode float as int, error found in #10 byte of ...|vg": 63075.22727,
  |..., bigger context ...| "price": 0.24,
    "beta": 0,
    "volAvg": 63075.22727,
    "mktCap": 1285714,
    "lastDiv": 0,
 |...
2025/08/17 01:38:59 進度: 697/11195 (SDHIR 完成)
2025/08/17 01:38:59 進度: 698/11195 (PSQH 完成)
2025/08/17 01:39:00 進度: 699/11195 (ZURA 完成)
2025/08/17 01:39:00 進度: 700/11195 (SVA 完成)
2025/08/17 01:39:02 進度: 701/11195 (SDVY 完成)
2025/08/17 01:39:02 警告: 獲取 ECXWW 的 Profile 失敗 (網路錯誤): []objects.StockCompanyProfile: objects.StockCompanyProfile.VolAvg: assertInteger: can not decode float as int, error found in #10 byte of ...|vg": 89259.51136,
  |..., bigger context ...|e": 0.0649,
    "beta": 0.647,
    "volAvg": 89259.51136,
    "mktCap": 21077508,
    "lastDiv": 0,
|...
2025/08/17 01:39:02 進度: 702/11195 (ECXWW 完成)
2025/08/17 01:39:02 進度: 703/11195 (VVPR 完成)
2025/08/17 01:39:03 進度: 704/11195 (LU 完成)
2025/08/17 01:39:04 進度: 705/11195 (EHLS 完成)
2025/08/17 01:39:04 進度: 706/11195 (TAXM 完成)
2025/08/17 01:39:04 警告: 獲取 BEEX 的 Profile 失敗 (FMP API 無此股票數據)。
2025/08/17 01:39:04 進度: 707/11195 (BEEX 完成)
2025/08/17 01:39:05 進度: 708/11195 (SEAT 完成)
2025/08/17 01:39:05 進度: 709/11195 (DMBS 完成)
2025/08/17 01:39:06 進度: 710/11195 (TACOU 完成)
2025/08/17 01:39:06 進度: 711/11195 (MKOR 完成)
2025/08/17 01:39:06 進度: 712/11195 (CTOS 完成)
2025/08/17 01:39:06 進度: 713/11195 (DAPP 完成)
2025/08/17 01:39:08 進度: 714/11195 (MBSF 完成)
2025/08/17 01:39:08 進度: 715/11195 (CORZ 完成)
2025/08/17 01:39:10 進度: 716/11195 (SHDG 完成)
2025/08/17 01:39:11 進度: 717/11195 (ARKZ 完成)
2025/08/17 01:39:11 進度: 718/11195 (RZLT 完成)
2025/08/17 01:39:12 進度: 719/11195 (VCTR 完成)
2025/08/17 01:39:13 進度: 720/11195 (MQT 完成)
2025/08/17 01:39:14 進度: 721/11195 (UOKA 完成)
2025/08/17 01:39:15 進度: 722/11195 (MNOV 完成)
2025/08/17 01:39:16 進度: 723/11195 (EAGL 完成)
2025/08/17 01:39:16 進度: 724/11195 (MBNE 完成)
2025/08/17 01:39:16 進度: 725/11195 (KCCA 完成)
2025/08/17 01:39:17 進度: 726/11195 (IBDV 完成)
2025/08/17 01:39:18 進度: 727/11195 (LFST 完成)
2025/08/17 01:39:22 進度: 728/11195 (ICL 完成)
2025/08/17 01:39:22 進度: 729/11195 (SCCF 完成)
2025/08/17 01:39:22 進度: 730/11195 (NWLG 完成)
2025/08/17 01:39:23 進度: 731/11195 (KBA 完成)
2025/08/17 01:39:23 進度: 732/11195 (MS 完成)
2025/08/17 01:39:23 進度: 733/11195 (NITE 完成)
2025/08/17 01:39:24 進度: 734/11195 (PIII 完成)
2025/08/17 01:39:24 進度: 735/11195 (LSE 完成)
2025/08/17 01:39:26 進度: 736/11195 (IBTO 完成)
2025/08/17 01:39:27 進度: 737/11195 (DRAI 完成)
2025/08/17 01:39:28 進度: 738/11195 (DFSE 完成)
2025/08/17 01:39:28 進度: 739/11195 (CRCT 完成)
2025/08/17 01:39:28 進度: 740/11195 (SCHG 完成)
2025/08/17 01:39:29 進度: 741/11195 (MLAC 完成)
2025/08/17 01:39:30 進度: 742/11195 (IXUS 完成)
2025/08/17 01:39:30 警告: 獲取 NVOX 的 Profile 失敗 (FMP API 無此股票數據)。
2025/08/17 01:39:30 進度: 743/11195 (NVOX 完成)
2025/08/17 01:39:31 進度: 744/11195 (BDX 完成)
2025/08/17 01:39:34 進度: 745/11195 (FNB 完成)
2025/08/17 01:39:34 進度: 746/11195 (NABL 完成)
2025/08/17 01:39:35 進度: 747/11195 (AEP 完成)
2025/08/17 01:39:35 進度: 748/11195 (PZZA 完成)
2025/08/17 01:39:36 進度: 749/11195 (BWIN 完成)
2025/08/17 01:39:36 警告: 獲取 CHARR 的 Profile 失敗 (FMP API 無此股票數據)。
2025/08/17 01:39:36 進度: 750/11195 (CHARR 完成)
2025/08/17 01:39:36 警告: 獲取 CRCG 的 Profile 失敗 (FMP API 無此股票數據)。
2025/08/17 01:39:36 進度: 751/11195 (CRCG 完成)
2025/08/17 01:39:36 進度: 752/11195 (UBS 完成)
2025/08/17 01:39:36 進度: 753/11195 (WDNA 完成)
2025/08/17 01:39:41 進度: 754/11195 (DSGX 完成)
2025/08/17 01:39:41 進度: 755/11195 (VCEL 完成)
2025/08/17 01:39:42 進度: 756/11195 (CBU 完成)
2025/08/17 01:39:42 進度: 757/11195 (PRFX 完成)
2025/08/17 01:39:43 進度: 758/11195 (GARP 完成)
2025/08/17 01:39:43 進度: 759/11195 (MBI 完成)
2025/08/17 01:39:44 進度: 760/11195 (STXV 完成)
2025/08/17 01:39:48 進度: 761/11195 (SIDU 完成)
2025/08/17 01:39:48 進度: 762/11195 (WMK 完成)
2025/08/17 01:39:48 進度: 763/11195 (ALAR 完成)
2025/08/17 01:39:48 警告: 獲取 TBLAW 的 Profile 失敗 (網路錯誤): []objects.StockCompanyProfile: objects.StockCompanyProfile.VolAvg: assertInteger: can not decode float as int, error found in #10 byte of ...|vg": 18648.41704,
  |..., bigger context ...|ce": 0.1415,
    "beta": 1.27,
    "volAvg": 18648.41704,
    "mktCap": 827218763,
    "lastDiv": 0,|...
2025/08/17 01:39:48 進度: 764/11195 (TBLAW 完成)
2025/08/17 01:39:49 進度: 765/11195 (WETO 完成)
2025/08/17 01:39:49 進度: 766/11195 (IVDA 完成)
2025/08/17 01:39:49 進度: 767/11195 (PHO 完成)
2025/08/17 01:39:51 進度: 768/11195 (CAAA 完成)
2025/08/17 01:39:51 進度: 769/11195 (UEVM 完成)
2025/08/17 01:39:52 進度: 770/11195 (NPKI 完成)
2025/08/17 01:39:53 進度: 771/11195 (NBOS 完成)
2025/08/17 01:39:54 進度: 772/11195 (UTHR 完成)
2025/08/17 01:39:54 進度: 773/11195 (GPI 完成)
2025/08/17 01:39:55 進度: 774/11195 (CARD 完成)
2025/08/17 01:39:56 進度: 775/11195 (EOS 完成)
2025/08/17 01:39:56 進度: 776/11195 (MLI 完成)
2025/08/17 01:39:57 進度: 777/11195 (DVND 完成)
2025/08/17 01:40:00 進度: 778/11195 (QVML 完成)
2025/08/17 01:40:01 進度: 779/11195 (QCON 完成)
2025/08/17 01:40:02 進度: 780/11195 (TITN 完成)
2025/08/17 01:40:03 進度: 781/11195 (WHLR 完成)
2025/08/17 01:40:03 進度: 782/11195 (EXI 完成)
2025/08/17 01:40:05 進度: 783/11195 (NGL 完成)
2025/08/17 01:40:06 進度: 784/11195 (ARM 完成)
2025/08/17 01:40:08 進度: 785/11195 (CGDV 完成)
2025/08/17 01:40:09 進度: 786/11195 (SPVM 完成)
2025/08/17 01:40:09 進度: 787/11195 (VIRT 完成)
2025/08/17 01:40:10 進度: 788/11195 (THNR 完成)
2025/08/17 01:40:11 進度: 789/11195 (AHT 完成)
2025/08/17 01:40:12 進度: 790/11195 (CRT 完成)
2025/08/17 01:40:13 進度: 791/11195 (AGGS 完成)
2025/08/17 01:40:13 進度: 792/11195 (MID 完成)
2025/08/17 01:40:14 進度: 793/11195 (MOTE 完成)
2025/08/17 01:40:15 進度: 794/11195 (CGO 完成)
2025/08/17 01:40:16 進度: 795/11195 (CIIT 完成)
2025/08/17 01:40:17 進度: 796/11195 (ONCY 完成)
2025/08/17 01:40:18 進度: 797/11195 (ASR 完成)
2025/08/17 01:40:19 進度: 798/11195 (KMLM 完成)
2025/08/17 01:40:19 進度: 799/11195 (DSGN 完成)
2025/08/17 01:40:19 進度: 800/11195 (ENGN 完成)
2025/08/17 01:40:22 進度: 801/11195 (FFIN 完成)
2025/08/17 01:40:22 進度: 802/11195 (SETM 完成)
2025/08/17 01:40:23 進度: 803/11195 (PAPR 完成)
2025/08/17 01:40:23 進度: 804/11195 (DULL 完成)
2025/08/17 01:40:23 進度: 805/11195 (EGUS 完成)
2025/08/17 01:40:25 進度: 806/11195 (SDST 完成)
2025/08/17 01:40:25 進度: 807/11195 (PNTG 完成)
2025/08/17 01:40:26 進度: 808/11195 (NIKL 完成)
